Component: ARM Compiler 5.06 update 5 (build 528) Tool: armlink [4d35e2]

==============================================================================

Section Cross References

    startup_stm32f103xe.o(RESET) refers to startup_stm32f103xe.o(STACK) for __initial_sp
    startup_stm32f103xe.o(RESET) refers to startup_stm32f103xe.o(.text) for Reset_Handler
    startup_stm32f103xe.o(RESET) refers to stm32f1xx_it.o(i.NMI_Handler) for NMI_Handler
    startup_stm32f103xe.o(RESET) refers to stm32f1xx_it.o(i.HardFault_Handler) for HardFault_Handler
    startup_stm32f103xe.o(RESET) refers to stm32f1xx_it.o(i.MemManage_Handler) for MemManage_Handler
    startup_stm32f103xe.o(RESET) refers to stm32f1xx_it.o(i.BusFault_Handler) for BusFault_Handler
    startup_stm32f103xe.o(RESET) refers to stm32f1xx_it.o(i.UsageFault_Handler) for UsageFault_Handler
    startup_stm32f103xe.o(RESET) refers to stm32f1xx_it.o(i.SVC_Handler) for SVC_Handler
    startup_stm32f103xe.o(RESET) refers to stm32f1xx_it.o(i.DebugMon_Handler) for DebugMon_Handler
    startup_stm32f103xe.o(RESET) refers to exti.o(i.EXTI9_5_IRQHandler) for EXTI9_5_IRQHandler
    startup_stm32f103xe.o(RESET) refers to encoder.o(i.TIM2_IRQHandler) for TIM2_IRQHandler
    startup_stm32f103xe.o(RESET) refers to encoder.o(i.TIM3_IRQHandler) for TIM3_IRQHandler
    startup_stm32f103xe.o(RESET) refers to encoder.o(i.TIM4_IRQHandler) for TIM4_IRQHandler
    startup_stm32f103xe.o(RESET) refers to usart.o(i.USART1_IRQHandler) for USART1_IRQHandler
    startup_stm32f103xe.o(RESET) refers to uart.o(i.UART4_IRQHandler) for UART4_IRQHandler
    startup_stm32f103xe.o(RESET) refers to encoder.o(i.TIM6_IRQHandler) for TIM6_IRQHandler
    startup_stm32f103xe.o(RESET) refers to encoder.o(i.TIM7_IRQHandler) for TIM7_IRQHandler
    startup_stm32f103xe.o(.text) refers to system_stm32f1xx.o(i.SystemInit) for SystemInit
    startup_stm32f103xe.o(.text) refers to entry.o(.ARM.Collect$$$$00000000) for __main
    main.o(i.main) refers to stm32f1xx_hal.o(i.HAL_Init) for HAL_Init
    main.o(i.main) refers to exti.o(i.SR04_Init) for SR04_Init
    main.o(i.main) refers to sys.o(i.sys_stm32_clock_init) for sys_stm32_clock_init
    main.o(i.main) refers to delay.o(i.delay_init) for delay_init
    main.o(i.main) refers to usart.o(i.usart_init) for usart_init
    main.o(i.main) refers to encoder.o(i.Encoder_Init_TIM3) for Encoder_Init_TIM3
    main.o(i.main) refers to encoder.o(i.Encoder_Init_TIM2) for Encoder_Init_TIM2
    main.o(i.main) refers to exti.o(i.exti_init) for exti_init
    main.o(i.main) refers to encoder.o(i.tim6_init) for tim6_init
    main.o(i.main) refers to encoder.o(i.tim7_init) for tim7_init
    main.o(i.main) refers to motor_control.o(i.Motor_Control_Init) for Motor_Control_Init
    main.o(i.main) refers to uart.o(i.uart4_init) for uart4_init
    main.o(i.main) refers to stm32f1xx_hal_gpio.o(i.HAL_GPIO_WritePin) for HAL_GPIO_WritePin
    main.o(i.main) refers to encoder.o(.data) for len
    system_stm32f1xx.o(i.SystemCoreClockUpdate) refers to system_stm32f1xx.o(.data) for SystemCoreClock
    system_stm32f1xx.o(i.SystemCoreClockUpdate) refers to system_stm32f1xx.o(.constdata) for AHBPrescTable
    delay.o(i.HAL_Delay) refers to delay.o(i.delay_ms) for delay_ms
    delay.o(i.delay_init) refers to stm32f1xx_hal_cortex.o(i.HAL_SYSTICK_CLKSourceConfig) for HAL_SYSTICK_CLKSourceConfig
    delay.o(i.delay_init) refers to delay.o(.data) for g_fac_us
    delay.o(i.delay_ms) refers to delay.o(i.delay_us) for delay_us
    delay.o(i.delay_us) refers to delay.o(.data) for g_fac_us
    sys.o(i.sys_stm32_clock_init) refers to memseta.o(.text) for __aeabi_memclr4
    sys.o(i.sys_stm32_clock_init) refers to stm32f1xx_hal_rcc.o(i.HAL_RCC_OscConfig) for HAL_RCC_OscConfig
    sys.o(i.sys_stm32_clock_init) refers to stm32f1xx_hal_rcc.o(i.HAL_RCC_ClockConfig) for HAL_RCC_ClockConfig
    usart.o(i.HAL_UART_MspInit) refers to stm32f1xx_hal_gpio.o(i.HAL_GPIO_Init) for HAL_GPIO_Init
    usart.o(i.HAL_UART_MspInit) refers to stm32f1xx_hal_cortex.o(i.HAL_NVIC_SetPriority) for HAL_NVIC_SetPriority
    usart.o(i.HAL_UART_MspInit) refers to stm32f1xx_hal_cortex.o(i.HAL_NVIC_EnableIRQ) for HAL_NVIC_EnableIRQ
    usart.o(i.HAL_UART_RxCpltCallback) refers to printfa.o(i.__0printf) for __2printf
    usart.o(i.HAL_UART_RxCpltCallback) refers to usart.o(.data) for g_usart_rx_sta
    usart.o(i.HAL_UART_RxCpltCallback) refers to usart.o(.bss) for g_usart_rx_buf
    usart.o(i.HAL_UART_RxCpltCallback) refers to uart.o(.data) for rx_buffer
    usart.o(i.HAL_UART_RxCpltCallback) refers to encoder.o(.data) for Target_V_R
    usart.o(i.USART1_IRQHandler) refers to stm32f1xx_hal_uart.o(i.HAL_UART_IRQHandler) for HAL_UART_IRQHandler
    usart.o(i.USART1_IRQHandler) refers to stm32f1xx_hal_uart.o(i.HAL_UART_Receive_IT) for HAL_UART_Receive_IT
    usart.o(i.USART1_IRQHandler) refers to usart.o(.bss) for g_uart1_handle
    usart.o(i.USART1_IRQHandler) refers to usart.o(.data) for g_rx_buffer
[...]
    Removing stm32f1xx_hal_tim.o(i.HAL_TIM_ReadCapturedValue), (50 bytes).
    Removing stm32f1xx_hal_tim.o(i.HAL_TIM_SlaveConfigSynchro), (108 bytes).
    Removing stm32f1xx_hal_tim.o(i.HAL_TIM_SlaveConfigSynchro_IT), (108 bytes).
    Removing stm32f1xx_hal_tim.o(i.HAL_TIM_TriggerHalfCpltCallback), (2 bytes).
    Removing stm32f1xx_hal_tim.o(i.TIM_DMACaptureCplt), (122 bytes).
    Removing stm32f1xx_hal_tim.o(i.TIM_DMACaptureHalfCplt), (64 bytes).
    Removing stm32f1xx_hal_tim.o(i.TIM_DMADelayPulseCplt), (104 bytes).
    Removing stm32f1xx_hal_tim.o(i.TIM_DMADelayPulseHalfCplt), (64 bytes).
    Removing stm32f1xx_hal_tim.o(i.TIM_DMAError), (94 bytes).
    Removing stm32f1xx_hal_tim.o(i.TIM_DMAPeriodElapsedCplt), (26 bytes).
    Removing stm32f1xx_hal_tim.o(i.TIM_DMAPeriodElapsedHalfCplt), (14 bytes).
    Removing stm32f1xx_hal_tim.o(i.TIM_DMATriggerCplt), (26 bytes).
    Removing stm32f1xx_hal_tim.o(i.TIM_DMATriggerHalfCplt), (14 bytes).
    Removing stm32f1xx_hal_tim.o(i.TIM_ETR_SetConfig), (22 bytes).
    Removing stm32f1xx_hal_tim.o(i.TIM_ITRx_SetConfig), (18 bytes).
    Removing stm32f1xx_hal_tim.o(i.TIM_SlaveTimer_SetConfig), (170 bytes).
    Removing stm32f1xx_hal_tim.o(i.TIM_TI1_ConfigInputStage), (38 bytes).
    Removing stm32f1xx_hal_tim.o(i.TIM_TI1_SetConfig), (124 bytes).
    Removing stm32f1xx_hal_tim.o(i.TIM_TI2_ConfigInputStage), (40 bytes).
    Removing stm32f1xx_hal_tim.o(i.TIM_TI2_SetConfig), (58 bytes).
    Removing stm32f1xx_hal_tim.o(i.TIM_TI3_SetConfig), (56 bytes).
    Removing stm32f1xx_hal_tim.o(i.TIM_TI4_SetConfig), (60 bytes).
    Removing stm32f1xx_hal_tim_ex.o(.rev16_text), (4 bytes).
    Removing stm32f1xx_hal_tim_ex.o(.revsh_text), (4 bytes).
    Removing stm32f1xx_hal_tim_ex.o(.rrx_text), (6 bytes).
    Removing stm32f1xx_hal_tim_ex.o(i.HAL_TIMEx_CommutHalfCpltCallback), (2 bytes).
    Removing stm32f1xx_hal_tim_ex.o(i.HAL_TIMEx_ConfigBreakDeadTime), (116 bytes).
    Removing stm32f1xx_hal_tim_ex.o(i.HAL_TIMEx_ConfigCommutEvent), (134 bytes).
    Removing stm32f1xx_hal_tim_ex.o(i.HAL_TIMEx_ConfigCommutEvent_DMA), (164 bytes).
    Removing stm32f1xx_hal_tim_ex.o(i.HAL_TIMEx_ConfigCommutEvent_IT), (134 bytes).
    Removing stm32f1xx_hal_tim_ex.o(i.HAL_TIMEx_GetChannelNState), (38 bytes).
    Removing stm32f1xx_hal_tim_ex.o(i.HAL_TIMEx_HallSensor_DeInit), (96 bytes).
    Removing stm32f1xx_hal_tim_ex.o(i.HAL_TIMEx_HallSensor_GetState), (8 bytes).
    Removing stm32f1xx_hal_tim_ex.o(i.HAL_TIMEx_HallSensor_Init), (234 bytes).
    Removing stm32f1xx_hal_tim_ex.o(i.HAL_TIMEx_HallSensor_MspDeInit), (2 bytes).
    Removing stm32f1xx_hal_tim_ex.o(i.HAL_TIMEx_HallSensor_MspInit), (2 bytes).
    Removing stm32f1xx_hal_tim_ex.o(i.HAL_TIMEx_HallSensor_Start), (192 bytes).
    Removing stm32f1xx_hal_tim_ex.o(i.HAL_TIMEx_HallSensor_Start_DMA), (256 bytes).
    Removing stm32f1xx_hal_tim_ex.o(i.HAL_TIMEx_HallSensor_Start_IT), (204 bytes).
    Removing stm32f1xx_hal_tim_ex.o(i.HAL_TIMEx_HallSensor_Stop), (78 bytes).
    Removing stm32f1xx_hal_tim_ex.o(i.HAL_TIMEx_HallSensor_Stop_DMA), (84 bytes).
    Removing stm32f1xx_hal_tim_ex.o(i.HAL_TIMEx_HallSensor_Stop_IT), (90 bytes).
    Removing stm32f1xx_hal_tim_ex.o(i.HAL_TIMEx_MasterConfigSynchronization), (156 bytes).
    Removing stm32f1xx_hal_tim_ex.o(i.HAL_TIMEx_OCN_Start), (220 bytes).
    Removing stm32f1xx_hal_tim_ex.o(i.HAL_TIMEx_OCN_Start_DMA), (464 bytes).
    Removing stm32f1xx_hal_tim_ex.o(i.HAL_TIMEx_OCN_Start_IT), (288 bytes).
    Removing stm32f1xx_hal_tim_ex.o(i.HAL_TIMEx_OCN_Stop), (136 bytes).
    Removing stm32f1xx_hal_tim_ex.o(i.HAL_TIMEx_OCN_Stop_DMA), (212 bytes).
    Removing stm32f1xx_hal_tim_ex.o(i.HAL_TIMEx_OCN_Stop_IT), (218 bytes).
    Removing stm32f1xx_hal_tim_ex.o(i.HAL_TIMEx_OnePulseN_Start), (218 bytes).
    Removing stm32f1xx_hal_tim_ex.o(i.HAL_TIMEx_OnePulseN_Start_IT), (242 bytes).
    Removing stm32f1xx_hal_tim_ex.o(i.HAL_TIMEx_OnePulseN_Stop), (196 bytes).
    Removing stm32f1xx_hal_tim_ex.o(i.HAL_TIMEx_OnePulseN_Stop_IT), (220 bytes).
    Removing stm32f1xx_hal_tim_ex.o(i.HAL_TIMEx_PWMN_Start), (220 bytes).
    Removing stm32f1xx_hal_tim_ex.o(i.HAL_TIMEx_PWMN_Start_DMA), (464 bytes).
    Removing stm32f1xx_hal_tim_ex.o(i.HAL_TIMEx_PWMN_Start_IT), (288 bytes).
    Removing stm32f1xx_hal_tim_ex.o(i.HAL_TIMEx_PWMN_Stop), (136 bytes).
    Removing stm32f1xx_hal_tim_ex.o(i.HAL_TIMEx_PWMN_Stop_DMA), (212 bytes).
    Removing stm32f1xx_hal_tim_ex.o(i.HAL_TIMEx_PWMN_Stop_IT), (218 bytes).
    Removing stm32f1xx_hal_tim_ex.o(i.HAL_TIMEx_RemapConfig), (6 bytes).
    Removing stm32f1xx_hal_tim_ex.o(i.TIMEx_DMACommutationCplt), (20 bytes).
    Removing stm32f1xx_hal_tim_ex.o(i.TIMEx_DMACommutationHalfCplt), (20 bytes).
    Removing stm32f1xx_hal_tim_ex.o(i.TIM_CCxNChannelCmd), (34 bytes).
    Removing stm32f1xx_hal_tim_ex.o(i.TIM_DMADelayPulseNCplt), (104 bytes).
    Removing stm32f1xx_hal_tim_ex.o(i.TIM_DMAErrorCCxN), (68 bytes).
    Removing led.o(.rev16_text), (4 bytes).
    Removing led.o(.revsh_text), (4 bytes).
    Removing led.o(.rrx_text), (6 bytes).
    Removing led.o(i.led_init), (144 bytes).
    Removing gtim.o(.rev16_text), (4 bytes).
    Removing gtim.o(.revsh_text), (4 bytes).
    Removing gtim.o(.rrx_text), (6 bytes).
    Removing gtim.o(i.HAL_TIM_IC_MspInit), (108 bytes).
    Removing gtim.o(i.gtim_timx_cnt_chy_init), (80 bytes).
    Removing gtim.o(.bss), (72 bytes).
    Removing encoder.o(.rev16_text), (4 bytes).
    Removing encoder.o(.revsh_text), (4 bytes).
    Removing encoder.o(.rrx_text), (6 bytes).
    Removing motor_control.o(.rev16_text), (4 bytes).
    Removing motor_control.o(.revsh_text), (4 bytes).
    Removing motor_control.o(.rrx_text), (6 bytes).
    Removing uart.o(.rev16_text), (4 bytes).
    Removing uart.o(.revsh_text), (4 bytes).
    Removing uart.o(.rrx_text), (6 bytes).
    Removing exti.o(.rev16_text), (4 bytes).
    Removing exti.o(.revsh_text), (4 bytes).
    Removing exti.o(.rrx_text), (6 bytes).
    Removing hr04.o(.rev16_text), (4 bytes).
    Removing hr04.o(.revsh_text), (4 bytes).
    Removing hr04.o(.rrx_text), (6 bytes).

378 unused section(s) (total 34612 bytes) removed from the image.

==============================================================================

Image Symbol Table

    Local Symbols

    Symbol Name                              Value     Ov Type        Size  Object(Section)

    ../clib/microlib/division.c              0x00000000   Number         0  uidiv.o ABSOLUTE
    ../clib/microlib/division.c              0x00000000   Number         0  uldiv.o ABSOLUTE
    ../clib/microlib/init/entry.s            0x00000000   Number         0  entry.o ABSOLUTE
    ../clib/microlib/init/entry.s            0x00000000   Number         0  entry8b.o ABSOLUTE
    ../clib/microlib/init/entry.s            0x00000000   Number         0  entry7a.o ABSOLUTE
    ../clib/microlib/init/entry.s            0x00000000   Number         0  entry9b.o ABSOLUTE
    ../clib/microlib/init/entry.s            0x00000000   Number         0  entry10b.o ABSOLUTE
    ../clib/microlib/init/entry.s            0x00000000   Number         0  entry5.o ABSOLUTE
    ../clib/microlib/init/entry.s            0x00000000   Number         0  entry2.o ABSOLUTE
    ../clib/microlib/init/entry.s            0x00000000   Number         0  entry9a.o ABSOLUTE
    ../clib/microlib/init/entry.s            0x00000000   Number         0  entry10a.o ABSOLUTE
    ../clib/microlib/init/entry.s            0x00000000   Number         0  entry11a.o ABSOLUTE
    ../clib/microlib/init/entry.s            0x00000000   Number         0  entry11b.o ABSOLUTE
    ../clib/microlib/init/entry.s            0x00000000   Number         0  entry8a.o ABSOLUTE
    ../clib/microlib/init/entry.s            0x00000000   Number         0  entry7b.o ABSOLUTE
    ../clib/microlib/longlong.c              0x00000000   Number         0  llushr.o ABSOLUTE
    ../clib/microlib/longlong.c              0x00000000   Number         0  llshl.o ABSOLUTE
    ../clib/microlib/longlong.c              0x00000000   Number         0  llsshr.o ABSOLUTE
    ../clib/microlib/printf/printf.c         0x00000000   Number         0  printfa.o ABSOLUTE
    ../clib/microlib/printf/printf.c         0x00000000   Number         0  printf2.o ABSOLUTE
    ../clib/microlib/printf/printf.c         0x00000000   Number         0  printf7.o ABSOLUTE
    ../clib/microlib/printf/printf.c         0x00000000   Number         0  printf6.o ABSOLUTE
    ../clib/microlib/printf/printf.c         0x00000000   Number         0  printf5.o ABSOLUTE
    ../clib/microlib/printf/printf.c         0x00000000   Number         0  printf4.o ABSOLUTE
    ../clib/microlib/printf/printf.c         0x00000000   Number         0  printf3.o ABSOLUTE
    ../clib/microlib/printf/printf.c         0x00000000   Number         0  printf1.o ABSOLUTE
    ../clib/microlib/printf/printf.c         0x00000000   Number         0  printf0.o ABSOLUTE
    ../clib/microlib/printf/printf.c         0x00000000   Number         0  printfb.o ABSOLUTE
    ../clib/microlib/printf/printf.c         0x00000000   Number         0  printf8.o ABSOLUTE
    ../clib/microlib/printf/stubs.s          0x00000000   Number         0  stubs.o ABSOLUTE
    ../clib/microlib/string/memset.c         0x00000000   Number         0  memseta.o ABSOLUTE
    ../clib/microlib/stubs.s                 0x00000000   Number         0  useno.o ABSOLUTE
    ../clib/microlib/stubs.s                 0x00000000   Number         0  iusefp.o ABSOLUTE
    ../fplib/microlib/d2f.c                  0x00000000   Number         0  d2f.o ABSOLUTE
    ../fplib/microlib/f2d.c                  0x00000000   Number         0  f2d.o ABSOLUTE
    ../fplib/microlib/fpadd.c                0x00000000   Number         0  fadd.o ABSOLUTE
    ../fplib/microlib/fpadd.c                0x00000000   Number         0  dadd.o ABSOLUTE
    ../fplib/microlib/fpdiv.c                0x00000000   Number         0  ddiv.o ABSOLUTE
    ../fplib/microlib/fpepilogue.c           0x00000000   Number         0  fepilogue.o ABSOLUTE
    ../fplib/microlib/fpepilogue.c           0x00000000   Number         0  depilogue.o ABSOLUTE
    ../fplib/microlib/fpfix.c                0x00000000   Number         0  dfixul.o ABSOLUTE
    ../fplib/microlib/fpfix.c                0x00000000   Number         0  ffixi.o ABSOLUTE
    ../fplib/microlib/fpflt.c                0x00000000   Number         0  dflti.o ABSOLUTE
    ../fplib/microlib/fpflt.c                0x00000000   Number         0  ffltui.o ABSOLUTE
    ../fplib/microlib/fpflt.c                0x00000000   Number         0  fflti.o ABSOLUTE
    ../fplib/microlib/fpmul.c                0x00000000   Number         0  fmul.o ABSOLUTE
    ../fplib/microlib/fpmul.c                0x00000000   Number         0  dmul.o ABSOLUTE
    ..\..\Drivers\BSP\ENCODER\encoder.c      0x00000000   Number         0  encoder.o ABSOLUTE
    ..\..\Drivers\BSP\EXTI\exti.c            0x00000000   Number         0  exti.o ABSOLUTE
    ..\..\Drivers\BSP\HR04\HR04.c            0x00000000   Number         0  hr04.o ABSOLUTE
    ..\..\Drivers\BSP\LED\led.c              0x00000000   Number         0  led.o ABSOLUTE
    ..\..\Drivers\BSP\MOTOR_CONTROL\motor_control.c 0x00000000   Number         0  motor_control.o ABSOLUTE
    ..\..\Drivers\BSP\TIMER\gtim.c           0x00000000   Number         0  gtim.o ABSOLUTE
    ..\..\Drivers\BSP\UART\uart.c            0x00000000   Number         0  uart.o ABSOLUTE
    ..\..\Drivers\CMSIS\Device\ST\STM32F1xx\Source\Templates\arm\startup_stm32f103xe.s 0x00000000   Number         0  startup_stm32f103xe.o ABSOLUTE
    ..\..\Drivers\CMSIS\Device\ST\STM32F1xx\Source\Templates\system_stm32f1xx.c 0x00000000   Number         0  system_stm32f1xx.o ABSOLUTE
    ..\..\Drivers\STM32F1xx_HAL_Driver\Src\stm32f1xx_hal.c 0x00000000   Number         0  stm32f1xx_hal.o ABSOLUTE
    ..\..\Drivers\STM32F1xx_HAL_Driver\Src\stm32f1xx_hal_cortex.c 0x00000000   Number         0  stm32f1xx_hal_cortex.o ABSOLUTE
    ..\..\Drivers\STM32F1xx_HAL_Driver\Src\stm32f1xx_hal_dma.c 0x00000000   Number         0  stm32f1xx_hal_dma.o ABSOLUTE
    ..\..\Drivers\STM32F1xx_HAL_Driver\Src\stm32f1xx_hal_gpio.c 0x00000000   Number         0  stm32f1xx_hal_gpio.o ABSOLUTE
    ..\..\Drivers\STM32F1xx_HAL_Driver\Src\stm32f1xx_hal_gpio_ex.c 0x00000000   Number         0  stm32f1xx_hal_gpio_ex.o ABSOLUTE
    ..\..\Drivers\STM32F1xx_HAL_Driver\Src\stm32f1xx_hal_rcc.c 0x00000000   Number         0  stm32f1xx_hal_rcc.o ABSOLUTE
    ..\..\Drivers\STM32F1xx_HAL_Driver\Src\stm32f1xx_hal_rcc_ex.c 0x00000000   Number         0  stm32f1xx_hal_rcc_ex.o ABSOLUTE
    ..\..\Drivers\STM32F1xx_HAL_Driver\Src\stm32f1xx_hal_tim.c 0x00000000   Number         0  stm32f1xx_hal_tim.o ABSOLUTE
    ..\..\Drivers\STM32F1xx_HAL_Driver\Src\stm32f1xx_hal_tim_ex.c 0x00000000   Number         0  stm32f1xx_hal_tim_ex.o ABSOLUTE
    ..\..\Drivers\STM32F1xx_HAL_Driver\Src\stm32f1xx_hal_uart.c 0x00000000   Number         0  stm32f1xx_hal_uart.o ABSOLUTE
    ..\..\Drivers\STM32F1xx_HAL_Driver\Src\stm32f1xx_hal_usart.c 0x00000000   Number         0  stm32f1xx_hal_usart.o ABSOLUTE
    ..\..\Drivers\STM32F1xx_HAL_Driver\Src\stm32f1xx_ll_tim.c 0x00000000   Number         0  stm32f1xx_ll_tim.o ABSOLUTE
    ..\..\Drivers\SYSTEM\delay\delay.c       0x00000000   Number         0  delay.o ABSOLUTE
    ..\..\Drivers\SYSTEM\sys\sys.c           0x00000000   Number         0  sys.o ABSOLUTE
    ..\..\Drivers\SYSTEM\usart\usart.c       0x00000000   Number         0  usart.o ABSOLUTE
    ..\..\User\main.c                        0x00000000   Number         0  main.o ABSOLUTE
    ..\..\User\stm32f1xx_it.c                0x00000000   Number         0  stm32f1xx_it.o ABSOLUTE
    ..\\..\\Drivers\\BSP\\ENCODER\\encoder.c 0x00000000   Number         0  encoder.o ABSOLUTE
    ..\\..\\Drivers\\BSP\\EXTI\\exti.c       0x00000000   Number         0  exti.o ABSOLUTE
    ..\\..\\Drivers\\BSP\\HR04\\HR04.c       0x00000000   Number         0  hr04.o ABSOLUTE
    ..\\..\\Drivers\\BSP\\LED\\led.c         0x00000000   Number         0  led.o ABSOLUTE
    ..\\..\\Drivers\\BSP\\MOTOR_CONTROL\\motor_control.c 0x00000000   Number         0  motor_control.o ABSOLUTE
    ..\\..\\Drivers\\BSP\\TIMER\\gtim.c      0x00000000   Number         0  gtim.o ABSOLUTE
    ..\\..\\Drivers\\BSP\\UART\\uart.c       0x00000000   Number         0  uart.o ABSOLUTE
    ..\\..\\Drivers\\CMSIS\\Device\\ST\\STM32F1xx\\Source\\Templates\\system_stm32f1xx.c 0x00000000   Number         0  system_stm32f1xx.o ABSOLUTE
    ..\\..\\Drivers\\STM32F1xx_HAL_Driver\\Src\\stm32f1xx_hal.c 0x00000000   Number         0  stm32f1xx_hal.o ABSOLUTE
    ..\\..\\Drivers\\STM32F1xx_HAL_Driver\\Src\\stm32f1xx_hal_cortex.c 0x00000000   Number         0  stm32f1xx_hal_cortex.o ABSOLUTE
    ..\\..\\Drivers\\STM32F1xx_HAL_Driver\\Src\\stm32f1xx_hal_dma.c 0x00000000   Number         0  stm32f1xx_hal_dma.o ABSOLUTE
    ..\\..\\Drivers\\STM32F1xx_HAL_Driver\\Src\\stm32f1xx_hal_gpio.c 0x00000000   Number         0  stm32f1xx_hal_gpio.o ABSOLUTE
    ..\\..\\Drivers\\STM32F1xx_HAL_Driver\\Src\\stm32f1xx_hal_gpio_ex.c 0x00000000   Number         0  stm32f1xx_hal_gpio_ex.o ABSOLUTE
    ..\\..\\Drivers\\STM32F1xx_HAL_Driver\\Src\\stm32f1xx_hal_rcc.c 0x00000000   Number         0  stm32f1xx_hal_rcc.o ABSOLUTE
    ..\\..\\Drivers\\STM32F1xx_HAL_Driver\\Src\\stm32f1xx_hal_rcc_ex.c 0x00000000   Number         0  stm32f1xx_hal_rcc_ex.o ABSOLUTE
    ..\\..\\Drivers\\STM32F1xx_HAL_Driver\\Src\\stm32f1xx_hal_tim.c 0x00000000   Number         0  stm32f1xx_hal_tim.o ABSOLUTE
    ..\\..\\Drivers\\STM32F1xx_HAL_Driver\\Src\\stm32f1xx_hal_tim_ex.c 0x00000000   Number         0  stm32f1xx_hal_tim_ex.o ABSOLUTE
    ..\\..\\Drivers\\STM32F1xx_HAL_Driver\\Src\\stm32f1xx_hal_uart.c 0x00000000   Number         0  stm32f1xx_hal_uart.o ABSOLUTE
    ..\\..\\Drivers\\STM32F1xx_HAL_Driver\\Src\\stm32f1xx_hal_usart.c 0x00000000   Number         0  stm32f1xx_hal_usart.o ABSOLUTE
    ..\\..\\Drivers\\SYSTEM\\delay\\delay.c  0x00000000   Number         0  delay.o ABSOLUTE
    ..\\..\\Drivers\\SYSTEM\\sys\\sys.c      0x00000000   Number         0  sys.o ABSOLUTE
    ..\\..\\Drivers\\SYSTEM\\usart\\usart.c  0x00000000   Number         0  usart.o ABSOLUTE
    ..\\..\\User\\main.c                     0x00000000   Number         0  main.o ABSOLUTE
    ..\\..\\User\\stm32f1xx_it.c             0x00000000   Number         0  stm32f1xx_it.o ABSOLUTE
    cdrcmple.s                               0x00000000   Number         0  cdrcmple.o ABSOLUTE
    cfcmple.s                                0x00000000   Number         0  cfcmple.o ABSOLUTE
    cfrcmple.s                               0x00000000   Number         0  cfrcmple.o ABSOLUTE
    dc.s                                     0x00000000   Number         0  dc.o ABSOLUTE
    handlers.s                               0x00000000   Number         0  handlers.o ABSOLUTE
    init.s                                   0x00000000   Number         0  init.o ABSOLUTE
    RESET                                    0x08000000   Section      304  startup_stm32f103xe.o(RESET)
    .ARM.Collect$$$$00000000                 0x08000130   Section        0  entry.o(.ARM.Collect$$$$00000000)
    .ARM.Collect$$$$00000001                 0x08000130   Section        4  entry2.o(.ARM.Collect$$$$00000001)
    .ARM.Collect$$$$00000004                 0x08000134   Section        4  entry5.o(.ARM.Collect$$$$00000004)
    .ARM.Collect$$$$00000008                 0x08000138   Section        0  entry7b.o(.ARM.Collect$$$$00000008)
    .ARM.Collect$$$$0000000A                 0x08000138   Section        0  entry8b.o(.ARM.Collect$$$$0000000A)
    .ARM.Collect$$$$0000000B                 0x08000138   Section        8  entry9a.o(.ARM.Collect$$$$0000000B)
    .ARM.Collect$$$$0000000D                 0x08000140   Section        0  entry10a.o(.ARM.Collect$$$$0000000D)
    .ARM.Collect$$$$0000000F                 0x08000140   Section        0  entry11a.o(.ARM.Collect$$$$0000000F)
    .ARM.Collect$$$$00002712                 0x08000140   Section        4  entry2.o(.ARM.Collect$$$$00002712)
    __lit__00000000                          0x08000140   Data           4  entry2.o(.ARM.Collect$$$$00002712)
    .text                                    0x08000144   Section       36  startup_stm32f103xe.o(.text)
    .text                                    0x08000168   Section        0  memseta.o(.text)
    .text                                    0x0800018c   Section        0  fadd.o(.text)
    .text                                    0x0800023c   Section        0  fmul.o(.text)
    .text                                    0x080002a0   Section        0  dadd.o(.text)
    .text                                    0x080003ee   Section        0  dmul.o(.text)
    .text                                    0x080004d2   Section        0  ddiv.o(.text)
    .text                                    0x080005b0   Section        0  fflti.o(.text)
    .text                                    0x080005c2   Section        0  ffltui.o(.text)
    .text                                    0x080005cc   Section        0  dflti.o(.text)
    .text                                    0x080005ee   Section        0  ffixi.o(.text)
    .text                                    0x08000620   Section        0  f2d.o(.text)
    .text                                    0x08000646   Section        0  d2f.o(.text)
    .text                                    0x08000680   Section       20  cfcmple.o(.text)
    .text                                    0x08000694   Section       20  cfrcmple.o(.text)
    .text                                    0x080006a8   Section        0  uidiv.o(.text)
    .text                                    0x080006d4   Section        0  uldiv.o(.text)
    .text                                    0x08000736   Section        0  llshl.o(.text)
    .text                                    0x08000754   Section        0  llsshr.o(.text)
    .text                                    0x08000778   Section        0  iusefp.o(.text)
    .text                                    0x08000778   Section        0  fepilogue.o(.text)
    .text                                    0x080007e6   Section        0  depilogue.o(.text)
    .text                                    0x080008a0   Section        0  dfixul.o(.text)
    .text                                    0x080008d0   Section       48  cdrcmple.o(.text)
    .text                                    0x08000900   Section       36  init.o(.text)
    .text                                    0x08000924   Section        0  llushr.o(.text)
    i.BusFault_Handler                       0x08000944   Section        0  stm32f1xx_it.o(i.BusFault_Handler)
    i.DebugMon_Handler                       0x08000948   Section        0  stm32f1xx_it.o(i.DebugMon_Handler)
    i.EXTI9_5_IRQHandler                     0x0800094a   Section        0  exti.o(i.EXTI9_5_IRQHandler)
    i.Encoder_Init_TIM2                      0x0800095c   Section        0  encoder.o(i.Encoder_Init_TIM2)
    i.Encoder_Init_TIM3                      0x08000a6c   Section        0  encoder.o(i.Encoder_Init_TIM3)
    i.Get_Len                                0x08000b7c   Section        0  hr04.o(i.Get_Len)
    i.HAL_DMA_Abort_IT                       0x08000ca0   Section        0  stm32f1xx_hal_dma.o(i.HAL_DMA_Abort_IT)
    i.HAL_GPIO_EXTI_Callback                 0x08000e48   Section        0  exti.o(i.HAL_GPIO_EXTI_Callback)
    i.HAL_GPIO_EXTI_IRQHandler               0x08000ef4   Section        0  stm32f1xx_hal_gpio.o(i.HAL_GPIO_EXTI_IRQHandler)
    i.HAL_GPIO_Init                          0x08000f10   Section        0  stm32f1xx_hal_gpio.o(i.HAL_GPIO_Init)
    i.HAL_GPIO_ReadPin                       0x08001250   Section        0  stm32f1xx_hal_gpio.o(i.HAL_GPIO_ReadPin)
    i.HAL_GPIO_WritePin                      0x08001260   Section        0  stm32f1xx_hal_gpio.o(i.HAL_GPIO_WritePin)
    i.HAL_GetTick                            0x0800126c   Section        0  stm32f1xx_hal.o(i.HAL_GetTick)
    i.HAL_Init                               0x08001278   Section        0  stm32f1xx_hal.o(i.HAL_Init)
    i.HAL_InitTick                           0x080012a0   Section        0  stm32f1xx_hal.o(i.HAL_InitTick)
    i.HAL_MspInit                            0x080012ec   Section        0  stm32f1xx_hal.o(i.HAL_MspInit)
    i.HAL_NVIC_EnableIRQ                     0x080012ee   Section        0  stm32f1xx_hal_cortex.o(i.HAL_NVIC_EnableIRQ)
    i.HAL_NVIC_SetPriority                   0x0800130e   Section        0  stm32f1xx_hal_cortex.o(i.HAL_NVIC_SetPriority)
    i.HAL_NVIC_SetPriorityGrouping           0x0800138c   Section        0  stm32f1xx_hal_cortex.o(i.HAL_NVIC_SetPriorityGrouping)
    i.HAL_RCC_ClockConfig                    0x080013b4   Section        0  stm32f1xx_hal_rcc.o(i.HAL_RCC_ClockConfig)
    i.HAL_RCC_GetHCLKFreq                    0x08001540   Section        0  stm32f1xx_hal_rcc.o(i.HAL_RCC_GetHCLKFreq)
    i.HAL_RCC_GetPCLK1Freq                   0x0800154c   Section        0  stm32f1xx_hal_rcc.o(i.HAL_RCC_GetPCLK1Freq)
    i.HAL_RCC_GetPCLK2Freq                   0x0800156c   Section        0  stm32f1xx_hal_rcc.o(i.HAL_RCC_GetPCLK2Freq)
    i.HAL_RCC_GetSysClockFreq                0x0800158c   Section        0  stm32f1xx_hal_rcc.o(i.HAL_RCC_GetSysClockFreq)
    i.HAL_RCC_OscConfig                      0x08001620   Section        0  stm32f1xx_hal_rcc.o(i.HAL_RCC_OscConfig)
    i.HAL_SYSTICK_CLKSourceConfig            0x08001a84   Section        0  stm32f1xx_hal_cortex.o(i.HAL_SYSTICK_CLKSourceConfig)
    i.HAL_SYSTICK_Config                     0x08001aac   Section        0  stm32f1xx_hal_cortex.o(i.HAL_SYSTICK_Config)
    i.HAL_TIMEx_BreakCallback                0x08001ae0   Section        0  stm32f1xx_hal_tim_ex.o(i.HAL_TIMEx_BreakCallback)
    i.HAL_TIMEx_CommutCallback               0x08001ae2   Section        0  stm32f1xx_hal_tim_ex.o(i.HAL_TIMEx_CommutCallback)
    i.HAL_TIM_Base_Init                      0x08001ae4   Section        0  stm32f1xx_hal_tim.o(i.HAL_TIM_Base_Init)
    i.HAL_TIM_Base_MspInit                   0x08001b4c   Section        0  encoder.o(i.HAL_TIM_Base_MspInit)
    i.HAL_TIM_Base_Start_IT                  0x08001c30   Section        0  stm32f1xx_hal_tim.o(i.HAL_TIM_Base_Start_IT)
    i.HAL_TIM_Encoder_Init                   0x08001cc0   Section        0  stm32f1xx_hal_tim.o(i.HAL_TIM_Encoder_Init)
    i.HAL_TIM_Encoder_MspInit                0x08001d84   Section        0  stm32f1xx_hal_tim.o(i.HAL_TIM_Encoder_MspInit)
    i.HAL_TIM_Encoder_Start                  0x08001d86   Section        0  stm32f1xx_hal_tim.o(i.HAL_TIM_Encoder_Start)
    i.HAL_TIM_IC_CaptureCallback             0x08001e52   Section        0  stm32f1xx_hal_tim.o(i.HAL_TIM_IC_CaptureCallback)
    i.HAL_TIM_IRQHandler                     0x08001e54   Section        0  stm32f1xx_hal_tim.o(i.HAL_TIM_IRQHandler)
    i.HAL_TIM_OC_DelayElapsedCallback        0x08001fea   Section        0  stm32f1xx_hal_tim.o(i.HAL_TIM_OC_DelayElapsedCallback)
    i.HAL_TIM_PWM_ConfigChannel              0x08001fec   Section        0  stm32f1xx_hal_tim.o(i.HAL_TIM_PWM_ConfigChannel)
    i.HAL_TIM_PWM_Init                       0x080020e8   Section        0  stm32f1xx_hal_tim.o(i.HAL_TIM_PWM_Init)
    i.HAL_TIM_PWM_MspInit                    0x08002150   Section        0  motor_control.o(i.HAL_TIM_PWM_MspInit)
    i.HAL_TIM_PWM_PulseFinishedCallback      0x08002288   Section        0  stm32f1xx_hal_tim.o(i.HAL_TIM_PWM_PulseFinishedCallback)
    i.HAL_TIM_PWM_Start                      0x0800228c   Section        0  stm32f1xx_hal_tim.o(i.HAL_TIM_PWM_Start)
    i.HAL_TIM_PeriodElapsedCallback          0x08002380   Section        0  encoder.o(i.HAL_TIM_PeriodElapsedCallback)
    i.HAL_TIM_TriggerCallback                0x0800294c   Section        0  stm32f1xx_hal_tim.o(i.HAL_TIM_TriggerCallback)
    i.HAL_UART_ErrorCallback                 0x0800294e   Section        0  stm32f1xx_hal_uart.o(i.HAL_UART_ErrorCallback)
    i.HAL_UART_IRQHandler                    0x08002950   Section        0  stm32f1xx_hal_uart.o(i.HAL_UART_IRQHandler)
    i.HAL_UART_Init                          0x08002aa4   Section        0  stm32f1xx_hal_uart.o(i.HAL_UART_Init)
    i.HAL_UART_MspInit                       0x08002b18   Section        0  usart.o(i.HAL_UART_MspInit)
    i.HAL_UART_Receive_IT                    0x08002c4c   Section        0  stm32f1xx_hal_uart.o(i.HAL_UART_Receive_IT)
    i.HAL_UART_RxCpltCallback                0x08002cbc   Section        0  usart.o(i.HAL_UART_RxCpltCallback)
    i.HAL_UART_TxCpltCallback                0x08002e38   Section        0  stm32f1xx_hal_uart.o(i.HAL_UART_TxCpltCallback)
    i.HardFault_Handler                      0x08002e3a   Section        0  stm32f1xx_it.o(i.HardFault_Handler)
    i.MemManage_Handler                      0x08002e3e   Section        0  stm32f1xx_it.o(i.MemManage_Handler)
    i.Motor_Control_Init                     0x08002e44   Section        0  motor_control.o(i.Motor_Control_Init)
    i.Motor_PI                               0x08002f18   Section        0  motor_control.o(i.Motor_PI)
    i.Motor_PI_R                             0x08003048   Section        0  motor_control.o(i.Motor_PI_R)
    i.NMI_Handler                            0x08003178   Section        0  stm32f1xx_it.o(i.NMI_Handler)
    i.Pos_PI_L                               0x0800317c   Section        0  motor_control.o(i.Pos_PI_L)
    i.Pos_PI_R                               0x0800320c   Section        0  motor_control.o(i.Pos_PI_R)
    i.RCC_Delay                              0x080032b8   Section        0  stm32f1xx_hal_rcc.o(i.RCC_Delay)
    RCC_Delay                                0x080032b9   Thumb Code    36  stm32f1xx_hal_rcc.o(i.RCC_Delay)
    i.SR04_Init                              0x080032e0   Section        0  exti.o(i.SR04_Init)
    i.SVC_Handler                            0x08003354   Section        0  stm32f1xx_it.o(i.SVC_Handler)
    i.SystemInit                             0x08003356   Section        0  system_stm32f1xx.o(i.SystemInit)
    i.TIM2_IRQHandler                        0x08003358   Section        0  encoder.o(i.TIM2_IRQHandler)
    i.TIM3_IRQHandler                        0x08003368   Section        0  encoder.o(i.TIM3_IRQHandler)
    i.TIM4_IRQHandler                        0x08003378   Section        0  encoder.o(i.TIM4_IRQHandler)
    i.TIM6_IRQHandler                        0x08003388   Section        0  encoder.o(i.TIM6_IRQHandler)
    i.TIM7_IRQHandler                        0x08003398   Section        0  encoder.o(i.TIM7_IRQHandler)
    i.TIM_Base_SetConfig                     0x080033b4   Section        0  stm32f1xx_hal_tim.o(i.TIM_Base_SetConfig)
    i.TIM_CCxChannelCmd                      0x08003450   Section        0  stm32f1xx_hal_tim.o(i.TIM_CCxChannelCmd)
    i.TIM_OC1_SetConfig                      0x08003474   Section        0  stm32f1xx_hal_tim.o(i.TIM_OC1_SetConfig)
    TIM_OC1_SetConfig                        0x08003475   Thumb Code   104  stm32f1xx_hal_tim.o(i.TIM_OC1_SetConfig)
    i.TIM_OC2_SetConfig                      0x080034e4   Section        0  stm32f1xx_hal_tim.o(i.TIM_OC2_SetConfig)
    i.TIM_OC3_SetConfig                      0x08003560   Section        0  stm32f1xx_hal_tim.o(i.TIM_OC3_SetConfig)
    TIM_OC3_SetConfig                        0x08003561   Thumb Code   112  stm32f1xx_hal_tim.o(i.TIM_OC3_SetConfig)
    i.TIM_OC4_SetConfig                      0x080035d8   Section        0  stm32f1xx_hal_tim.o(i.TIM_OC4_SetConfig)
    TIM_OC4_SetConfig                        0x080035d9   Thumb Code    74  stm32f1xx_hal_tim.o(i.TIM_OC4_SetConfig)
    i.UART4_IRQHandler                       0x0800362c   Section        0  uart.o(i.UART4_IRQHandler)
    i.UART_DMAAbortOnError                   0x08003648   Section        0  stm32f1xx_hal_uart.o(i.UART_DMAAbortOnError)
    UART_DMAAbortOnError                     0x08003649   Thumb Code    20  stm32f1xx_hal_uart.o(i.UART_DMAAbortOnError)
    i.UART_EndRxTransfer                     0x0800365c   Section        0  stm32f1xx_hal_uart.o(i.UART_EndRxTransfer)
    UART_EndRxTransfer                       0x0800365d   Thumb Code    32  stm32f1xx_hal_uart.o(i.UART_EndRxTransfer)
    i.UART_EndTransmit_IT                    0x0800367c   Section        0  stm32f1xx_hal_uart.o(i.UART_EndTransmit_IT)
    UART_EndTransmit_IT                      0x0800367d   Thumb Code    32  stm32f1xx_hal_uart.o(i.UART_EndTransmit_IT)
    i.UART_Receive_IT                        0x0800369c   Section        0  stm32f1xx_hal_uart.o(i.UART_Receive_IT)
    UART_Receive_IT                          0x0800369d   Thumb Code   160  stm32f1xx_hal_uart.o(i.UART_Receive_IT)
    i.UART_SetConfig                         0x0800373c   Section        0  stm32f1xx_hal_uart.o(i.UART_SetConfig)
    UART_SetConfig                           0x0800373d   Thumb Code   248  stm32f1xx_hal_uart.o(i.UART_SetConfig)
    i.UART_Transmit_IT                       0x08003838   Section        0  stm32f1xx_hal_uart.o(i.UART_Transmit_IT)
    UART_Transmit_IT                         0x08003839   Thumb Code    96  stm32f1xx_hal_uart.o(i.UART_Transmit_IT)
    i.USART1_IRQHandler                      0x08003898   Section        0  usart.o(i.USART1_IRQHandler)
    i.UsageFault_Handler                     0x080038bc   Section        0  stm32f1xx_it.o(i.UsageFault_Handler)
    i.__0printf                              0x080038c0   Section        0  printfa.o(i.__0printf)
    i.__NVIC_GetPriorityGrouping             0x080038e0   Section        0  stm32f1xx_hal_cortex.o(i.__NVIC_GetPriorityGrouping)
    __NVIC_GetPriorityGrouping               0x080038e1   Thumb Code    10  stm32f1xx_hal_cortex.o(i.__NVIC_GetPriorityGrouping)
    i.__NVIC_SetPriority                     0x080038f0   Section        0  stm32f1xx_hal_cortex.o(i.__NVIC_SetPriority)
    __NVIC_SetPriority                       0x080038f1   Thumb Code    32  stm32f1xx_hal_cortex.o(i.__NVIC_SetPriority)
    i.__scatterload_copy                     0x08003918   Section       14  handlers.o(i.__scatterload_copy)
    i.__scatterload_null                     0x08003926   Section        2  handlers.o(i.__scatterload_null)
    i.__scatterload_zeroinit                 0x08003928   Section       14  handlers.o(i.__scatterload_zeroinit)
    i._fp_digits                             0x08003938   Section        0  printfa.o(i._fp_digits)
    _fp_digits                               0x08003939   Thumb Code   366  printfa.o(i._fp_digits)
    i._printf_core                           0x08003abc   Section        0  printfa.o(i._printf_core)
    _printf_core                             0x08003abd   Thumb Code  1744  printfa.o(i._printf_core)
    i._printf_post_padding                   0x08004198   Section        0  printfa.o(i._printf_post_padding)
    _printf_post_padding                     0x08004199   Thumb Code    36  printfa.o(i._printf_post_padding)
    i._printf_pre_padding                    0x080041bc   Section        0  printfa.o(i._printf_pre_padding)
    _printf_pre_padding                      0x080041bd   Thumb Code    46  printfa.o(i._printf_pre_padding)
    i.delay_init                             0x080041ec   Section        0  delay.o(i.delay_init)
    i.delay_ms                               0x08004214   Section        0  delay.o(i.delay_ms)
    i.delay_us                               0x0800424c   Section        0  delay.o(i.delay_us)
    i.exti_init                              0x08004298   Section        0  exti.o(i.exti_init)
    i.fputc                                  0x08004324   Section        0  usart.o(i.fputc)
    i.main                                   0x08004340   Section        0  main.o(i.main)
    i.sys_stm32_clock_init                   0x080043d4   Section        0  sys.o(i.sys_stm32_clock_init)
    i.tim6_init                              0x0800443c   Section        0  encoder.o(i.tim6_init)
    i.tim7_init                              0x08004464   Section        0  encoder.o(i.tim7_init)
    i.uart4_init                             0x0800448c   Section        0  uart.o(i.uart4_init)
    i.usart_init                             0x080044c4   Section        0  usart.o(i.usart_init)
    .constdata                               0x080044fc   Section       24  system_stm32f1xx.o(.constdata)
    .conststring                             0x08004514   Section       65  encoder.o(.conststring)
    .data                                    0x20000000   Section        4  system_stm32f1xx.o(.data)
    .data                                    0x20000004   Section        2  delay.o(.data)
    g_fac_us                                 0x20000004   Data           2  delay.o(.data)
    .data                                    0x20000008   Section        7  usart.o(.data)
    .data                                    0x20000010   Section        9  stm32f1xx_hal.o(.data)
    .data                                    0x2000001c   Section      108  encoder.o(.data)
    .data                                    0x20000088   Section       88  motor_control.o(.data)
    .data                                    0x200000e0   Section        1  uart.o(.data)
    .data                                    0x200000e4   Section       12  hr04.o(.data)
    .bss                                     0x200000f0   Section      264  usart.o(.bss)
    .bss                                     0x200001f8   Section      288  encoder.o(.bss)
    .bss                                     0x20000318   Section      200  motor_control.o(.bss)
    .bss                                     0x200003e0   Section       64  uart.o(.bss)
    STACK                                    0x20000420   Section     1024  startup_stm32f103xe.o(STACK)

    Global Symbols

    Symbol Name                              Value     Ov Type        Size  Object(Section)

    BuildAttributes$$THM_ISAv4$P$D$K$B$S$PE$A:L22UL41UL21$X:L11$S22US41US21$IEEE1$IW$USESV6$~STKCKD$USESV7$~SHL$OTIME$ROPI$EBA8$MICROLIB$REQ8$PRES8$EABIv2 0x00000000   Number         0  anon$$obj.o ABSOLUTE
    __ARM_use_no_argv                        0x00000000   Number         0  main.o ABSOLUTE
    __use_no_errno                           0x00000000   Number         0  useno.o ABSOLUTE
    __use_no_exception_handling              0x00000000   Number         0  useno.o ABSOLUTE
    __use_no_fp                              0x00000000   Number         0  useno.o ABSOLUTE
    __use_no_heap                            0x00000000   Number         0  useno.o ABSOLUTE
    __use_no_heap_region                     0x00000000   Number         0  useno.o ABSOLUTE
    __use_no_semihosting                     0x00000000   Number         0  useno.o ABSOLUTE
    __use_no_semihosting_swi                 0x00000000   Number         0  useno.o ABSOLUTE
    __use_no_signal_handling                 0x00000000   Number         0  useno.o ABSOLUTE
    _printf_a                                0x00000000   Number         0  stubs.o ABSOLUTE
    _printf_c                                0x00000000   Number         0  stubs.o ABSOLUTE
    _printf_charcount                        0x00000000   Number         0  stubs.o ABSOLUTE
    _printf_d                                0x00000000   Number         0  stubs.o ABSOLUTE
    _printf_e                                0x00000000   Number         0  stubs.o ABSOLUTE
    _printf_f                                0x00000000   Number         0  stubs.o ABSOLUTE
    _printf_flags                            0x00000000   Number         0  stubs.o ABSOLUTE
    _printf_fp_dec                           0x00000000   Number         0  stubs.o ABSOLUTE
    _printf_fp_hex                           0x00000000   Number         0  stubs.o ABSOLUTE
    _printf_g                                0x00000000   Number         0  stubs.o ABSOLUTE
    _printf_i                                0x00000000   Number         0  stubs.o ABSOLUTE
    _printf_int_dec                          0x00000000   Number         0  stubs.o ABSOLUTE
    _printf_l                                0x00000000   Number         0  stubs.o ABSOLUTE
    _printf_lc                               0x00000000   Number         0  stubs.o ABSOLUTE
    _printf_ll                               0x00000000   Number         0  stubs.o ABSOLUTE
    _printf_lld                              0x00000000   Number         0  stubs.o ABSOLUTE
    _printf_lli                              0x00000000   Number         0  stubs.o ABSOLUTE
    _printf_llo                              0x00000000   Number         0  stubs.o ABSOLUTE
    _printf_llu                              0x00000000   Number         0  stubs.o ABSOLUTE
    _printf_llx                              0x00000000   Number         0  stubs.o ABSOLUTE
    _printf_longlong_dec                     0x00000000   Number         0  stubs.o ABSOLUTE
    _printf_longlong_hex                     0x00000000   Number         0  stubs.o ABSOLUTE
    _printf_longlong_oct                     0x00000000   Number         0  stubs.o ABSOLUTE
    _printf_ls                               0x00000000   Number         0  stubs.o ABSOLUTE
    _printf_mbtowc                           0x00000000   Number         0  stubs.o ABSOLUTE
    _printf_n                                0x00000000   Number         0  stubs.o ABSOLUTE
    _printf_o                                0x00000000   Number         0  stubs.o ABSOLUTE
    _printf_p                                0x00000000   Number         0  stubs.o ABSOLUTE
    _printf_percent                          0x00000000   Number         0  stubs.o ABSOLUTE
    _printf_pre_padding                      0x00000000   Number         0  stubs.o ABSOLUTE
    _printf_return_value                     0x00000000   Number         0  stubs.o ABSOLUTE
    _printf_s                                0x00000000   Number         0  stubs.o ABSOLUTE
    _printf_sizespec                         0x00000000   Number         0  stubs.o ABSOLUTE
    _printf_str                              0x00000000   Number         0  stubs.o ABSOLUTE
    _printf_truncate_signed                  0x00000000   Number         0  stubs.o ABSOLUTE
    _printf_truncate_unsigned                0x00000000   Number         0  stubs.o ABSOLUTE
    _printf_u                                0x00000000   Number         0  stubs.o ABSOLUTE
    _printf_wc                               0x00000000   Number         0  stubs.o ABSOLUTE
    _printf_wctomb                           0x00000000   Number         0  stubs.o ABSOLUTE
    _printf_widthprec                        0x00000000   Number         0  stubs.o ABSOLUTE
    _printf_x                                0x00000000   Number         0  stubs.o ABSOLUTE
    __cpp_initialize__aeabi_                  - Undefined Weak Reference
    __cxa_finalize                            - Undefined Weak Reference
    __decompress                              - Undefined Weak Reference
    _clock_init                               - Undefined Weak Reference
    _microlib_exit                            - Undefined Weak Reference
    __Vectors_Size                           0x00000130   Number         0  startup_stm32f103xe.o ABSOLUTE
    __Vectors                                0x08000000   Data           4  startup_stm32f103xe.o(RESET)
    __Vectors_End                            0x08000130   Data           0  startup_stm32f103xe.o(RESET)
    __main                                   0x08000131   Thumb Code     0  entry.o(.ARM.Collect$$$$00000000)
    _main_stk                                0x08000131   Thumb Code     0  entry2.o(.ARM.Collect$$$$00000001)
    _main_scatterload                        0x08000135   Thumb Code     0  entry5.o(.ARM.Collect$$$$00000004)
    __main_after_scatterload                 0x08000139   Thumb Code     0  entry5.o(.ARM.Collect$$$$00000004)
    _main_clock                              0x08000139   Thumb Code     0  entry7b.o(.ARM.Collect$$$$00000008)
    _main_cpp_init                           0x08000139   Thumb Code     0  entry8b.o(.ARM.Collect$$$$0000000A)
    _main_init                               0x08000139   Thumb Code     0  entry9a.o(.ARM.Collect$$$$0000000B)
    __rt_final_cpp                           0x08000141   Thumb Code     0  entry10a.o(.ARM.Collect$$$$0000000D)
    __rt_final_exit                          0x08000141   Thumb Code     0  entry11a.o(.ARM.Collect$$$$0000000F)
    Reset_Handler                            0x08000145   Thumb Code     8  startup_stm32f103xe.o(.text)
    PendSV_Handler                           0x0800015b   Thumb Code     2  startup_stm32f103xe.o(.text)
    SysTick_Handler                          0x0800015d   Thumb Code     2  startup_stm32f103xe.o(.text)
    ADC1_2_IRQHandler                        0x0800015f   Thumb Code     0  startup_stm32f103xe.o(.text)
    ADC3_IRQHandler                          0x0800015f   Thumb Code     0  startup_stm32f103xe.o(.text)
    CAN1_RX1_IRQHandler                      0x0800015f   Thumb Code     0  startup_stm32f103xe.o(.text)
    CAN1_SCE_IRQHandler                      0x0800015f   Thumb Code     0  startup_stm32f103xe.o(.text)
    DMA1_Channel1_IRQHandler                 0x0800015f   Thumb Code     0  startup_stm32f103xe.o(.text)
    DMA1_Channel2_IRQHandler                 0x0800015f   Thumb Code     0  startup_stm32f103xe.o(.text)
    DMA1_Channel3_IRQHandler                 0x0800015f   Thumb Code     0  startup_stm32f103xe.o(.text)
    DMA1_Channel4_IRQHandler                 0x0800015f   Thumb Code     0  startup_stm32f103xe.o(.text)
    DMA1_Channel5_IRQHandler                 0x0800015f   Thumb Code     0  startup_stm32f103xe.o(.text)
    DMA1_Channel6_IRQHandler                 0x0800015f   Thumb Code     0  startup_stm32f103xe.o(.text)
    DMA1_Channel7_IRQHandler                 0x0800015f   Thumb Code     0  startup_stm32f103xe.o(.text)
    DMA2_Channel1_IRQHandler                 0x0800015f   Thumb Code     0  startup_stm32f103xe.o(.text)
    DMA2_Channel2_IRQHandler                 0x0800015f   Thumb Code     0  startup_stm32f103xe.o(.text)
    DMA2_Channel3_IRQHandler                 0x0800015f   Thumb Code     0  startup_stm32f103xe.o(.text)
    DMA2_Channel4_5_IRQHandler               0x0800015f   Thumb Code     0  startup_stm32f103xe.o(.text)
    EXTI0_IRQHandler                         0x0800015f   Thumb Code     0  startup_stm32f103xe.o(.text)
    EXTI15_10_IRQHandler                     0x0800015f   Thumb Code     0  startup_stm32f103xe.o(.text)
    EXTI1_IRQHandler                         0x0800015f   Thumb Code     0  startup_stm32f103xe.o(.text)
    EXTI2_IRQHandler                         0x0800015f   Thumb Code     0  startup_stm32f103xe.o(.text)
    EXTI3_IRQHandler                         0x0800015f   Thumb Code     0  startup_stm32f103xe.o(.text)
    EXTI4_IRQHandler                         0x0800015f   Thumb Code     0  startup_stm32f103xe.o(.text)
    FLASH_IRQHandler                         0x0800015f   Thumb Code     0  startup_stm32f103xe.o(.text)
    FSMC_IRQHandler                          0x0800015f   Thumb Code     0  startup_stm32f103xe.o(.text)
    I2C1_ER_IRQHandler                       0x0800015f   Thumb Code     0  startup_stm32f103xe.o(.text)
    I2C1_EV_IRQHandler                       0x0800015f   Thumb Code     0  startup_stm32f103xe.o(.text)
    I2C2_ER_IRQHandler                       0x0800015f   Thumb Code     0  startup_stm32f103xe.o(.text)
    I2C2_EV_IRQHandler                       0x0800015f   Thumb Code     0  startup_stm32f103xe.o(.text)
    PVD_IRQHandler                           0x0800015f   Thumb Code     0  startup_stm32f103xe.o(.text)
    RCC_IRQHandler                           0x0800015f   Thumb Code     0  startup_stm32f103xe.o(.text)
    RTC_Alarm_IRQHandler                     0x0800015f   Thumb Code     0  startup_stm32f103xe.o(.text)
    RTC_IRQHandler                           0x0800015f   Thumb Code     0  startup_stm32f103xe.o(.text)
    SDIO_IRQHandler                          0x0800015f   Thumb Code     0  startup_stm32f103xe.o(.text)
    SPI1_IRQHandler                          0x0800015f   Thumb Code     0  startup_stm32f103xe.o(.text)
    SPI2_IRQHandler                          0x0800015f   Thumb Code     0  startup_stm32f103xe.o(.text)
    SPI3_IRQHandler                          0x0800015f   Thumb Code     0  startup_stm32f103xe.o(.text)
    TAMPER_IRQHandler                        0x0800015f   Thumb Code     0  startup_stm32f103xe.o(.text)
    TIM1_BRK_IRQHandler                      0x0800015f   Thumb Code     0  startup_stm32f103xe.o(.text)
    TIM1_CC_IRQHandler                       0x0800015f   Thumb Code     0  startup_stm32f103xe.o(.text)
    TIM1_TRG_COM_IRQHandler                  0x0800015f   Thumb Code     0  startup_stm32f103xe.o(.text)
    TIM1_UP_IRQHandler                       0x0800015f   Thumb Code     0  startup_stm32f103xe.o(.text)
    TIM5_IRQHandler                          0x0800015f   Thumb Code     0  startup_stm32f103xe.o(.text)
    TIM8_BRK_IRQHandler                      0x0800015f   Thumb Code     0  startup_stm32f103xe.o(.text)
    TIM8_CC_IRQHandler                       0x0800015f   Thumb Code     0  startup_stm32f103xe.o(.text)
    TIM8_TRG_COM_IRQHandler                  0x0800015f   Thumb Code     0  startup_stm32f103xe.o(.text)
    TIM8_UP_IRQHandler                       0x0800015f   Thumb Code     0  startup_stm32f103xe.o(.text)
    UART5_IRQHandler                         0x0800015f   Thumb Code     0  startup_stm32f103xe.o(.text)
    USART2_IRQHandler                        0x0800015f   Thumb Code     0  startup_stm32f103xe.o(.text)
    USART3_IRQHandler                        0x0800015f   Thumb Code     0  startup_stm32f103xe.o(.text)
    USBWakeUp_IRQHandler                     0x0800015f   Thumb Code     0  startup_stm32f103xe.o(.text)
    USB_HP_CAN1_TX_IRQHandler                0x0800015f   Thumb Code     0  startup_stm32f103xe.o(.text)
    USB_LP_CAN1_RX0_IRQHandler               0x0800015f   Thumb Code     0  startup_stm32f103xe.o(.text)
    WWDG_IRQHandler                          0x0800015f   Thumb Code     0  startup_stm32f103xe.o(.text)
    __aeabi_memset                           0x08000169   Thumb Code    14  memseta.o(.text)
    __aeabi_memset4                          0x08000169   Thumb Code     0  memseta.o(.text)
    __aeabi_memset8                          0x08000169   Thumb Code     0  memseta.o(.text)
    __aeabi_memclr                           0x08000177   Thumb Code     4  memseta.o(.text)
    __aeabi_memclr4                          0x08000177   Thumb Code     0  memseta.o(.text)
    __aeabi_memclr8                          0x08000177   Thumb Code     0  memseta.o(.text)
    _memset$wrapper                          0x0800017b   Thumb Code    18  memseta.o(.text)
    __aeabi_fadd                             0x0800018d   Thumb Code   164  fadd.o(.text)
    __aeabi_fsub                             0x08000231   Thumb Code     6  fadd.o(.text)
    __aeabi_frsub                            0x08000237   Thumb Code     6  fadd.o(.text)
    __aeabi_fmul                             0x0800023d   Thumb Code   100  fmul.o(.text)
    __aeabi_dadd                             0x080002a1   Thumb Code   322  dadd.o(.text)
    __aeabi_dsub                             0x080003e3   Thumb Code     6  dadd.o(.text)
    __aeabi_drsub                            0x080003e9   Thumb Code     6  dadd.o(.text)
    __aeabi_dmul                             0x080003ef   Thumb Code   228  dmul.o(.text)
    __aeabi_ddiv                             0x080004d3   Thumb Code   222  ddiv.o(.text)
    __aeabi_i2f                              0x080005b1   Thumb Code    18  fflti.o(.text)
    __aeabi_ui2f                             0x080005c3   Thumb Code    10  ffltui.o(.text)
    __aeabi_i2d                              0x080005cd   Thumb Code    34  dflti.o(.text)
    __aeabi_f2iz                             0x080005ef   Thumb Code    50  ffixi.o(.text)
    __aeabi_f2d                              0x08000621   Thumb Code    38  f2d.o(.text)
    __aeabi_d2f                              0x08000647   Thumb Code    56  d2f.o(.text)
    __aeabi_cfcmpeq                          0x08000681   Thumb Code     0  cfcmple.o(.text)
    __aeabi_cfcmple                          0x08000681   Thumb Code    20  cfcmple.o(.text)
    __aeabi_cfrcmple                         0x08000695   Thumb Code    20  cfrcmple.o(.text)
    __aeabi_uidiv                            0x080006a9   Thumb Code     0  uidiv.o(.text)
    __aeabi_uidivmod                         0x080006a9   Thumb Code    44  uidiv.o(.text)
    __aeabi_uldivmod                         0x080006d5   Thumb Code    98  uldiv.o(.text)
    __aeabi_llsl                             0x08000737   Thumb Code    30  llshl.o(.text)
    _ll_shift_l                              0x08000737   Thumb Code     0  llshl.o(.text)
    __aeabi_lasr                             0x08000755   Thumb Code    36  llsshr.o(.text)
    _ll_sshift_r                             0x08000755   Thumb Code     0  llsshr.o(.text)
    __I$use$fp                               0x08000779   Thumb Code     0  iusefp.o(.text)
    _float_round                             0x08000779   Thumb Code    18  fepilogue.o(.text)
    _float_epilogue                          0x0800078b   Thumb Code    92  fepilogue.o(.text)
    _double_round                            0x080007e7   Thumb Code    30  depilogue.o(.text)
    _double_epilogue                         0x08000805   Thumb Code   156  depilogue.o(.text)
    __aeabi_d2ulz                            0x080008a1   Thumb Code    48  dfixul.o(.text)
    __aeabi_cdrcmple                         0x080008d1   Thumb Code    48  cdrcmple.o(.text)
    __scatterload                            0x08000901   Thumb Code    28  init.o(.text)
    __scatterload_rt2                        0x08000901   Thumb Code     0  init.o(.text)
    __aeabi_llsr                             0x08000925   Thumb Code    32  llushr.o(.text)
    _ll_ushift_r                             0x08000925   Thumb Code     0  llushr.o(.text)
    BusFault_Handler                         0x08000945   Thumb Code     4  stm32f1xx_it.o(i.BusFault_Handler)
    DebugMon_Handler                         0x08000949   Thumb Code     2  stm32f1xx_it.o(i.DebugMon_Handler)
    EXTI9_5_IRQHandler                       0x0800094b   Thumb Code    18  exti.o(i.EXTI9_5_IRQHandler)
    Encoder_Init_TIM2                        0x0800095d   Thumb Code   258  encoder.o(i.Encoder_Init_TIM2)
    Encoder_Init_TIM3                        0x08000a6d   Thumb Code   256  encoder.o(i.Encoder_Init_TIM3)
    Get_Len                                  0x08000b7d   Thumb Code   256  hr04.o(i.Get_Len)
    HAL_DMA_Abort_IT                         0x08000ca1   Thumb Code   414  stm32f1xx_hal_dma.o(i.HAL_DMA_Abort_IT)
    HAL_GPIO_EXTI_Callback                   0x08000e49   Thumb Code   114  exti.o(i.HAL_GPIO_EXTI_Callback)
    HAL_GPIO_EXTI_IRQHandler                 0x08000ef5   Thumb Code    24  stm32f1xx_hal_gpio.o(i.HAL_GPIO_EXTI_IRQHandler)
    HAL_GPIO_Init                            0x08000f11   Thumb Code   792  stm32f1xx_hal_gpio.o(i.HAL_GPIO_Init)
    HAL_GPIO_ReadPin                         0x08001251   Thumb Code    16  stm32f1xx_hal_gpio.o(i.HAL_GPIO_ReadPin)
    HAL_GPIO_WritePin                        0x08001261   Thumb Code    12  stm32f1xx_hal_gpio.o(i.HAL_GPIO_WritePin)
    HAL_GetTick                              0x0800126d   Thumb Code     6  stm32f1xx_hal.o(i.HAL_GetTick)
    HAL_Init                                 0x08001279   Thumb Code    34  stm32f1xx_hal.o(i.HAL_Init)
    HAL_InitTick                             0x080012a1   Thumb Code    64  stm32f1xx_hal.o(i.HAL_InitTick)
    HAL_MspInit                              0x080012ed   Thumb Code     2  stm32f1xx_hal.o(i.HAL_MspInit)
    HAL_NVIC_EnableIRQ                       0x080012ef   Thumb Code    32  stm32f1xx_hal_cortex.o(i.HAL_NVIC_EnableIRQ)
    HAL_NVIC_SetPriority                     0x0800130f   Thumb Code   124  stm32f1xx_hal_cortex.o(i.HAL_NVIC_SetPriority)
    HAL_NVIC_SetPriorityGrouping             0x0800138d   Thumb Code    32  stm32f1xx_hal_cortex.o(i.HAL_NVIC_SetPriorityGrouping)
    HAL_RCC_ClockConfig                      0x080013b5   Thumb Code   376  stm32f1xx_hal_rcc.o(i.HAL_RCC_ClockConfig)
    HAL_RCC_GetHCLKFreq                      0x08001541   Thumb Code     6  stm32f1xx_hal_rcc.o(i.HAL_RCC_GetHCLKFreq)
    HAL_RCC_GetPCLK1Freq                     0x0800154d   Thumb Code    22  stm32f1xx_hal_rcc.o(i.HAL_RCC_GetPCLK1Freq)
    HAL_RCC_GetPCLK2Freq                     0x0800156d   Thumb Code    22  stm32f1xx_hal_rcc.o(i.HAL_RCC_GetPCLK2Freq)
    HAL_RCC_GetSysClockFreq                  0x0800158d   Thumb Code   116  stm32f1xx_hal_rcc.o(i.HAL_RCC_GetSysClockFreq)
    HAL_RCC_OscConfig                        0x08001621   Thumb Code  1114  stm32f1xx_hal_rcc.o(i.HAL_RCC_OscConfig)
    HAL_SYSTICK_CLKSourceConfig              0x08001a85   Thumb Code    40  stm32f1xx_hal_cortex.o(i.HAL_SYSTICK_CLKSourceConfig)
    HAL_SYSTICK_Config                       0x08001aad   Thumb Code    52  stm32f1xx_hal_cortex.o(i.HAL_SYSTICK_Config)
    HAL_TIMEx_BreakCallback                  0x08001ae1   Thumb Code     2  stm32f1xx_hal_tim_ex.o(i.HAL_TIMEx_BreakCallback)
    HAL_TIMEx_CommutCallback                 0x08001ae3   Thumb Code     2  stm32f1xx_hal_tim_ex.o(i.HAL_TIMEx_CommutCallback)
    HAL_TIM_Base_Init                        0x08001ae5   Thumb Code   102  stm32f1xx_hal_tim.o(i.HAL_TIM_Base_Init)
    HAL_TIM_Base_MspInit                     0x08001b4d   Thumb Code   206  encoder.o(i.HAL_TIM_Base_MspInit)
    HAL_TIM_Base_Start_IT                    0x08001c31   Thumb Code   122  stm32f1xx_hal_tim.o(i.HAL_TIM_Base_Start_IT)
    HAL_TIM_Encoder_Init                     0x08001cc1   Thumb Code   196  stm32f1xx_hal_tim.o(i.HAL_TIM_Encoder_Init)
    HAL_TIM_Encoder_MspInit                  0x08001d85   Thumb Code     2  stm32f1xx_hal_tim.o(i.HAL_TIM_Encoder_MspInit)
    HAL_TIM_Encoder_Start                    0x08001d87   Thumb Code   204  stm32f1xx_hal_tim.o(i.HAL_TIM_Encoder_Start)
    HAL_TIM_IC_CaptureCallback               0x08001e53   Thumb Code     2  stm32f1xx_hal_tim.o(i.HAL_TIM_IC_CaptureCallback)
    HAL_TIM_IRQHandler                       0x08001e55   Thumb Code   406  stm32f1xx_hal_tim.o(i.HAL_TIM_IRQHandler)
    HAL_TIM_OC_DelayElapsedCallback          0x08001feb   Thumb Code     2  stm32f1xx_hal_tim.o(i.HAL_TIM_OC_DelayElapsedCallback)
    HAL_TIM_PWM_ConfigChannel                0x08001fed   Thumb Code   252  stm32f1xx_hal_tim.o(i.HAL_TIM_PWM_ConfigChannel)
    HAL_TIM_PWM_Init                         0x080020e9   Thumb Code   102  stm32f1xx_hal_tim.o(i.HAL_TIM_PWM_Init)
    HAL_TIM_PWM_MspInit                      0x08002151   Thumb Code   230  motor_control.o(i.HAL_TIM_PWM_MspInit)
    HAL_TIM_PWM_PulseFinishedCallback        0x08002289   Thumb Code     2  stm32f1xx_hal_tim.o(i.HAL_TIM_PWM_PulseFinishedCallback)
    HAL_TIM_PWM_Start                        0x0800228d   Thumb Code   222  stm32f1xx_hal_tim.o(i.HAL_TIM_PWM_Start)
    HAL_TIM_PeriodElapsedCallback            0x08002381   Thumb Code  1450  encoder.o(i.HAL_TIM_PeriodElapsedCallback)
    HAL_TIM_TriggerCallback                  0x0800294d   Thumb Code     2  stm32f1xx_hal_tim.o(i.HAL_TIM_TriggerCallback)
    HAL_UART_ErrorCallback                   0x0800294f   Thumb Code     2  stm32f1xx_hal_uart.o(i.HAL_UART_ErrorCallback)
    HAL_UART_IRQHandler                      0x08002951   Thumb Code   334  stm32f1xx_hal_uart.o(i.HAL_UART_IRQHandler)
    HAL_UART_Init                            0x08002aa5   Thumb Code   114  stm32f1xx_hal_uart.o(i.HAL_UART_Init)
    HAL_UART_MspInit                         0x08002b19   Thumb Code   288  usart.o(i.HAL_UART_MspInit)
    HAL_UART_Receive_IT                      0x08002c4d   Thumb Code   112  stm32f1xx_hal_uart.o(i.HAL_UART_Receive_IT)
    HAL_UART_RxCpltCallback                  0x08002cbd   Thumb Code   286  usart.o(i.HAL_UART_RxCpltCallback)
    HAL_UART_TxCpltCallback                  0x08002e39   Thumb Code     2  stm32f1xx_hal_uart.o(i.HAL_UART_TxCpltCallback)
    HardFault_Handler                        0x08002e3b   Thumb Code     4  stm32f1xx_it.o(i.HardFault_Handler)
    MemManage_Handler                        0x08002e3f   Thumb Code     4  stm32f1xx_it.o(i.MemManage_Handler)
    Motor_Control_Init                       0x08002e45   Thumb Code   186  motor_control.o(i.Motor_Control_Init)
    Motor_PI                                 0x08002f19   Thumb Code   244  motor_control.o(i.Motor_PI)
    Motor_PI_R                               0x08003049   Thumb Code   244  motor_control.o(i.Motor_PI_R)
    NMI_Handler                              0x08003179   Thumb Code     2  stm32f1xx_it.o(i.NMI_Handler)
    Pos_PI_L                                 0x0800317d   Thumb Code   120  motor_control.o(i.Pos_PI_L)
    Pos_PI_R                                 0x0800320d   Thumb Code   132  motor_control.o(i.Pos_PI_R)
    SR04_Init                                0x080032e1   Thumb Code   102  exti.o(i.SR04_Init)
    SVC_Handler                              0x08003355   Thumb Code     2  stm32f1xx_it.o(i.SVC_Handler)
    SystemInit                               0x08003357   Thumb Code     2  system_stm32f1xx.o(i.SystemInit)
    TIM2_IRQHandler                          0x08003359   Thumb Code    10  encoder.o(i.TIM2_IRQHandler)
    TIM3_IRQHandler                          0x08003369   Thumb Code    10  encoder.o(i.TIM3_IRQHandler)
    TIM4_IRQHandler                          0x08003379   Thumb Code    10  encoder.o(i.TIM4_IRQHandler)
    TIM6_IRQHandler                          0x08003389   Thumb Code    10  encoder.o(i.TIM6_IRQHandler)
    TIM7_IRQHandler                          0x08003399   Thumb Code    16  encoder.o(i.TIM7_IRQHandler)
    TIM_Base_SetConfig                       0x080033b5   Thumb Code   134  stm32f1xx_hal_tim.o(i.TIM_Base_SetConfig)
    TIM_CCxChannelCmd                        0x08003451   Thumb Code    34  stm32f1xx_hal_tim.o(i.TIM_CCxChannelCmd)
    TIM_OC2_SetConfig                        0x080034e5   Thumb Code   114  stm32f1xx_hal_tim.o(i.TIM_OC2_SetConfig)
    UART4_IRQHandler                         0x0800362d   Thumb Code    20  uart.o(i.UART4_IRQHandler)
    USART1_IRQHandler                        0x08003899   Thumb Code    26  usart.o(i.USART1_IRQHandler)
    UsageFault_Handler                       0x080038bd   Thumb Code     4  stm32f1xx_it.o(i.UsageFault_Handler)
    __0printf                                0x080038c1   Thumb Code    22  printfa.o(i.__0printf)
    __1printf                                0x080038c1   Thumb Code     0  printfa.o(i.__0printf)
    __2printf                                0x080038c1   Thumb Code     0  printfa.o(i.__0printf)
    __c89printf                              0x080038c1   Thumb Code     0  printfa.o(i.__0printf)
    printf                                   0x080038c1   Thumb Code     0  printfa.o(i.__0printf)
    __scatterload_copy                       0x08003919   Thumb Code    14  handlers.o(i.__scatterload_copy)
    __scatterload_null                       0x08003927   Thumb Code     2  handlers.o(i.__scatterload_null)
    __scatterload_zeroinit                   0x08003929   Thumb Code    14  handlers.o(i.__scatterload_zeroinit)
    delay_init                               0x080041ed   Thumb Code    34  delay.o(i.delay_init)
    delay_ms                                 0x08004215   Thumb Code    50  delay.o(i.delay_ms)
    delay_us                                 0x0800424d   Thumb Code    72  delay.o(i.delay_us)
    exti_init                                0x08004299   Thumb Code   124  exti.o(i.exti_init)
    fputc                                    0x08004325   Thumb Code    24  usart.o(i.fputc)
    main                                     0x08004341   Thumb Code   132  main.o(i.main)
    sys_stm32_clock_init                     0x080043d5   Thumb Code   102  sys.o(i.sys_stm32_clock_init)
    tim6_init                                0x0800443d   Thumb Code    30  encoder.o(i.tim6_init)
    tim7_init                                0x08004465   Thumb Code    30  encoder.o(i.tim7_init)
    uart4_init                               0x0800448d   Thumb Code    44  uart.o(i.uart4_init)
    usart_init                               0x080044c5   Thumb Code    44  usart.o(i.usart_init)
    AHBPrescTable                            0x080044fc   Data          16  system_stm32f1xx.o(.constdata)
    APBPrescTable                            0x0800450c   Data           8  system_stm32f1xx.o(.constdata)
    Region$$Table$$Base                      0x08004558   Number         0  anon$$obj.o(Region$$Table)
    Region$$Table$$Limit                     0x08004578   Number         0  anon$$obj.o(Region$$Table)
    SystemCoreClock                          0x20000000   Data           4  system_stm32f1xx.o(.data)
    __stdout                                 0x20000008   Data           4  usart.o(.data)
    g_usart_rx_sta                           0x2000000c   Data           2  usart.o(.data)
    g_rx_buffer                              0x2000000e   Data           1  usart.o(.data)
    uwTick                                   0x20000010   Data           4  stm32f1xx_hal.o(.data)
    uwTickPrio                               0x20000014   Data           4  stm32f1xx_hal.o(.data)
    uwTickFreq                               0x20000018   Data           1  stm32f1xx_hal.o(.data)
    over_count_tim6                          0x2000001c   Data           4  encoder.o(.data)
    right_flag                               0x20000020   Data           4  encoder.o(.data)
    left_flag                                0x20000024   Data           4  encoder.o(.data)
    flag_r                                   0x20000028   Data           4  encoder.o(.data)
    flag_l                                   0x2000002c   Data           4  encoder.o(.data)
    Encoder_Overflow_Count_l                 0x20000030   Data           4  encoder.o(.data)
    Capture_Count_l                          0x20000034   Data           4  encoder.o(.data)
    last_Count_l                             0x20000038   Data           4  encoder.o(.data)
    Encoder_Overflow_Count_r                 0x2000003c   Data           4  encoder.o(.data)
    Capture_Count_r                          0x20000040   Data           4  encoder.o(.data)
    last_Count_r                             0x20000044   Data           4  encoder.o(.data)
    Velocity_l                               0x20000048   Data           4  encoder.o(.data)
    Velocity_r                               0x2000004c   Data           4  encoder.o(.data)
    len                                      0x20000050   Data           4  encoder.o(.data)
    left_len                                 0x20000054   Data           4  encoder.o(.data)
    right_len                                0x20000058   Data           4  encoder.o(.data)
    stop                                     0x2000005c   Data           1  encoder.o(.data)
    slam                                     0x2000005d   Data           1  encoder.o(.data)
    al_lft                                   0x2000005e   Data           1  encoder.o(.data)
    stop_set_zero                            0x2000005f   Data           1  encoder.o(.data)
    stop_set_zero_count                      0x20000060   Data           4  encoder.o(.data)
    Target_l                                 0x20000064   Data           4  encoder.o(.data)
    Target_V_L                               0x20000068   Data           4  encoder.o(.data)
    Target_V_R                               0x2000006c   Data           4  encoder.o(.data)
    out_r                                    0x20000070   Data           4  encoder.o(.data)
    out_l                                    0x20000074   Data           4  encoder.o(.data)
    current_r                                0x20000078   Data           4  encoder.o(.data)
    current_l                                0x2000007c   Data           4  encoder.o(.data)
    tar_pos_r                                0x20000080   Data           4  encoder.o(.data)
    tar_pos_l                                0x20000084   Data           4  encoder.o(.data)
    Velocity_KP                              0x20000088   Data           4  motor_control.o(.data)
    Velocity_KI                              0x2000008c   Data           4  motor_control.o(.data)
    Velocity_KD                              0x20000090   Data           4  motor_control.o(.data)
    Bias_R                                   0x20000094   Data           4  motor_control.o(.data)
    Pwm_R                                    0x20000098   Data           4  motor_control.o(.data)
    Last_bias_R                              0x2000009c   Data           4  motor_control.o(.data)
    Bias_I_R                                 0x200000a0   Data           4  motor_control.o(.data)
    Bias                                     0x200000a4   Data           4  motor_control.o(.data)
    Pwm                                      0x200000a8   Data           4  motor_control.o(.data)
    Last_bias                                0x200000ac   Data           4  motor_control.o(.data)
    Bias_I                                   0x200000b0   Data           4  motor_control.o(.data)
    Pos_KP                                   0x200000b4   Data           4  motor_control.o(.data)
    Pos_KI                                   0x200000b8   Data           4  motor_control.o(.data)
    Pos_KD                                   0x200000bc   Data           4  motor_control.o(.data)
    Pos_Bias_R                               0x200000c0   Data           4  motor_control.o(.data)
    Pos_V_R                                  0x200000c4   Data           4  motor_control.o(.data)
    Pos_Last_bias_R                          0x200000c8   Data           4  motor_control.o(.data)
    Pos_Bias_I_R                             0x200000cc   Data           4  motor_control.o(.data)
    Pos_Bias_L                               0x200000d0   Data           4  motor_control.o(.data)
    Pos_V_L                                  0x200000d4   Data           4  motor_control.o(.data)
    Pos_Last_bias_L                          0x200000d8   Data           4  motor_control.o(.data)
    Pos_Bias_I_L                             0x200000dc   Data           4  motor_control.o(.data)
    rx_buffer                                0x200000e0   Data           1  uart.o(.data)
    last                                     0x200000e4   Data           4  hr04.o(.data)
    current                                  0x200000e8   Data           4  hr04.o(.data)
    length                                   0x200000ec   Data           4  hr04.o(.data)
    g_usart_rx_buf                           0x200000f0   Data         200  usart.o(.bss)
    g_uart1_handle                           0x200001b8   Data          64  usart.o(.bss)
    htim_2                                   0x200001f8   Data          72  encoder.o(.bss)
    htim_3                                   0x20000240   Data          72  encoder.o(.bss)
    htim_6                                   0x20000288   Data          72  encoder.o(.bss)
    htim_7                                   0x200002d0   Data          72  encoder.o(.bss)
    g_tim4_pwm_chy_handle                    0x20000318   Data          72  motor_control.o(.bss)
    tim4_oc_pwm_chy                          0x20000360   Data          28  motor_control.o(.bss)
    g_tim8_pwm_chy_handle                    0x2000037c   Data          72  motor_control.o(.bss)
    tim8_oc_pwm_chy                          0x200003c4   Data          28  motor_control.o(.bss)
    uart4                                    0x200003e0   Data          64  uart.o(.bss)
    __initial_sp                             0x20000820   Data           0  startup_stm32f103xe.o(STACK)



==============================================================================

Memory Map of the image

  Image Entry point : 0x08000131

  Load Region LR_IROM1 (Base: 0x08000000, Size: 0x00004668, Max: 0x00080000, ABSOLUTE)

    Execution Region ER_IROM1 (Exec base: 0x08000000, Load base: 0x08000000, Size: 0x00004578, Max: 0x00080000, ABSOLUTE)

    Exec Addr    Load Addr    Size         Type   Attr      Idx    E Section Name        Object

    0x08000000   0x08000000   0x00000130   Data   RO            3    RESET               startup_stm32f103xe.o
    0x08000130   0x08000130   0x00000000   Code   RO         3206  * .ARM.Collect$$$$00000000  mc_w.l(entry.o)
    0x08000130   0x08000130   0x00000004   Code   RO         3498    .ARM.Collect$$$$00000001  mc_w.l(entry2.o)
    0x08000134   0x08000134   0x00000004   Code   RO         3501    .ARM.Collect$$$$00000004  mc_w.l(entry5.o)
    0x08000138   0x08000138   0x00000000   Code   RO         3503    .ARM.Collect$$$$00000008  mc_w.l(entry7b.o)
    0x08000138   0x08000138   0x00000000   Code   RO         3505    .ARM.Collect$$$$0000000A  mc_w.l(entry8b.o)
    0x08000138   0x08000138   0x00000008   Code   RO         3506    .ARM.Collect$$$$0000000B  mc_w.l(entry9a.o)
    0x08000140   0x08000140   0x00000000   Code   RO         3508    .ARM.Collect$$$$0000000D  mc_w.l(entry10a.o)
    0x08000140   0x08000140   0x00000000   Code   RO         3510    .ARM.Collect$$$$0000000F  mc_w.l(entry11a.o)
    0x08000140   0x08000140   0x00000004   Code   RO         3499    .ARM.Collect$$$$00002712  mc_w.l(entry2.o)
    0x08000144   0x08000144   0x00000024   Code   RO            4    .text               startup_stm32f103xe.o
    0x08000168   0x08000168   0x00000024   Code   RO         3209    .text               mc_w.l(memseta.o)
    0x0800018c   0x0800018c   0x000000b0   Code   RO         3472    .text               mf_w.l(fadd.o)
    0x0800023c   0x0800023c   0x00000064   Code   RO         3474    .text               mf_w.l(fmul.o)
    0x080002a0   0x080002a0   0x0000014e   Code   RO         3476    .text               mf_w.l(dadd.o)
    0x080003ee   0x080003ee   0x000000e4   Code   RO         3478    .text               mf_w.l(dmul.o)
    0x080004d2   0x080004d2   0x000000de   Code   RO         3480    .text               mf_w.l(ddiv.o)
    0x080005b0   0x080005b0   0x00000012   Code   RO         3482    .text               mf_w.l(fflti.o)
    0x080005c2   0x080005c2   0x0000000a   Code   RO         3484    .text               mf_w.l(ffltui.o)
    0x080005cc   0x080005cc   0x00000022   Code   RO         3486    .text               mf_w.l(dflti.o)
    0x080005ee   0x080005ee   0x00000032   Code   RO         3488    .text               mf_w.l(ffixi.o)
    0x08000620   0x08000620   0x00000026   Code   RO         3490    .text               mf_w.l(f2d.o)
    0x08000646   0x08000646   0x00000038   Code   RO         3492    .text               mf_w.l(d2f.o)
    0x0800067e   0x0800067e   0x00000002   PAD
    0x08000680   0x08000680   0x00000014   Code   RO         3494    .text               mf_w.l(cfcmple.o)
    0x08000694   0x08000694   0x00000014   Code   RO         3496    .text               mf_w.l(cfrcmple.o)
    0x080006a8   0x080006a8   0x0000002c   Code   RO         3512    .text               mc_w.l(uidiv.o)
    0x080006d4   0x080006d4   0x00000062   Code   RO         3514    .text               mc_w.l(uldiv.o)
    0x08000736   0x08000736   0x0000001e   Code   RO         3516    .text               mc_w.l(llshl.o)
    0x08000754   0x08000754   0x00000024   Code   RO         3518    .text               mc_w.l(llsshr.o)
    0x08000778   0x08000778   0x00000000   Code   RO         3520    .text               mc_w.l(iusefp.o)
    0x08000778   0x08000778   0x0000006e   Code   RO         3521    .text               mf_w.l(fepilogue.o)
    0x080007e6   0x080007e6   0x000000ba   Code   RO         3523    .text               mf_w.l(depilogue.o)
    0x080008a0   0x080008a0   0x00000030   Code   RO         3525    .text               mf_w.l(dfixul.o)
    0x080008d0   0x080008d0   0x00000030   Code   RO         3527    .text               mf_w.l(cdrcmple.o)
    0x08000900   0x08000900   0x00000024   Code   RO         3529    .text               mc_w.l(init.o)
    0x08000924   0x08000924   0x00000020   Code   RO         3531    .text               mc_w.l(llushr.o)
    0x08000944   0x08000944   0x00000004   Code   RO          282    i.BusFault_Handler  stm32f1xx_it.o
    0x08000948   0x08000948   0x00000002   Code   RO          283    i.DebugMon_Handler  stm32f1xx_it.o
    0x0800094a   0x0800094a   0x00000012   Code   RO         3138    i.EXTI9_5_IRQHandler  exti.o
    0x0800095c   0x0800095c   0x00000110   Code   RO         2945    i.Encoder_Init_TIM2  encoder.o
    0x08000a6c   0x08000a6c   0x00000110   Code   RO         2946    i.Encoder_Init_TIM3  encoder.o
    0x08000b7c   0x08000b7c   0x00000124   Code   RO         3181    i.Get_Len           hr04.o
    0x08000ca0   0x08000ca0   0x000001a8   Code   RO          966    i.HAL_DMA_Abort_IT  stm32f1xx_hal_dma.o
    0x08000e48   0x08000e48   0x000000ac   Code   RO         3139    i.HAL_GPIO_EXTI_Callback  exti.o
    0x08000ef4   0x08000ef4   0x0000001c   Code   RO         1061    i.HAL_GPIO_EXTI_IRQHandler  stm32f1xx_hal_gpio.o
    0x08000f10   0x08000f10   0x00000340   Code   RO         1062    i.HAL_GPIO_Init     stm32f1xx_hal_gpio.o
    0x08001250   0x08001250   0x00000010   Code   RO         1064    i.HAL_GPIO_ReadPin  stm32f1xx_hal_gpio.o
    0x08001260   0x08001260   0x0000000c   Code   RO         1066    i.HAL_GPIO_WritePin  stm32f1xx_hal_gpio.o
    0x0800126c   0x0800126c   0x0000000c   Code   RO          679    i.HAL_GetTick       stm32f1xx_hal.o
    0x08001278   0x08001278   0x00000028   Code   RO          686    i.HAL_Init          stm32f1xx_hal.o
    0x080012a0   0x080012a0   0x0000004c   Code   RO          687    i.HAL_InitTick      stm32f1xx_hal.o
    0x080012ec   0x080012ec   0x00000002   Code   RO          689    i.HAL_MspInit       stm32f1xx_hal.o
    0x080012ee   0x080012ee   0x00000020   Code   RO          844    i.HAL_NVIC_EnableIRQ  stm32f1xx_hal_cortex.o
    0x0800130e   0x0800130e   0x0000007c   Code   RO          850    i.HAL_NVIC_SetPriority  stm32f1xx_hal_cortex.o
    0x0800138a   0x0800138a   0x00000002   PAD
    0x0800138c   0x0800138c   0x00000028   Code   RO          851    i.HAL_NVIC_SetPriorityGrouping  stm32f1xx_hal_cortex.o
    0x080013b4   0x080013b4   0x0000018c   Code   RO         1162    i.HAL_RCC_ClockConfig  stm32f1xx_hal_rcc.o
    0x08001540   0x08001540   0x0000000c   Code   RO         1167    i.HAL_RCC_GetHCLKFreq  stm32f1xx_hal_rcc.o
    0x0800154c   0x0800154c   0x00000020   Code   RO         1169    i.HAL_RCC_GetPCLK1Freq  stm32f1xx_hal_rcc.o
    0x0800156c   0x0800156c   0x00000020   Code   RO         1170    i.HAL_RCC_GetPCLK2Freq  stm32f1xx_hal_rcc.o
    0x0800158c   0x0800158c   0x00000094   Code   RO         1171    i.HAL_RCC_GetSysClockFreq  stm32f1xx_hal_rcc.o
    0x08001620   0x08001620   0x00000464   Code   RO         1174    i.HAL_RCC_OscConfig  stm32f1xx_hal_rcc.o
    0x08001a84   0x08001a84   0x00000028   Code   RO          853    i.HAL_SYSTICK_CLKSourceConfig  stm32f1xx_hal_cortex.o
    0x08001aac   0x08001aac   0x00000034   Code   RO          855    i.HAL_SYSTICK_Config  stm32f1xx_hal_cortex.o
    0x08001ae0   0x08001ae0   0x00000002   Code   RO         2621    i.HAL_TIMEx_BreakCallback  stm32f1xx_hal_tim_ex.o
    0x08001ae2   0x08001ae2   0x00000002   Code   RO         2622    i.HAL_TIMEx_CommutCallback  stm32f1xx_hal_tim_ex.o
    0x08001ae4   0x08001ae4   0x00000066   Code   RO         1903    i.HAL_TIM_Base_Init  stm32f1xx_hal_tim.o
    0x08001b4a   0x08001b4a   0x00000002   PAD
    0x08001b4c   0x08001b4c   0x000000e4   Code   RO         2947    i.HAL_TIM_Base_MspInit  encoder.o
    0x08001c30   0x08001c30   0x00000090   Code   RO         1908    i.HAL_TIM_Base_Start_IT  stm32f1xx_hal_tim.o
    0x08001cc0   0x08001cc0   0x000000c4   Code   RO         1924    i.HAL_TIM_Encoder_Init  stm32f1xx_hal_tim.o
    0x08001d84   0x08001d84   0x00000002   Code   RO         1926    i.HAL_TIM_Encoder_MspInit  stm32f1xx_hal_tim.o
    0x08001d86   0x08001d86   0x000000cc   Code   RO         1927    i.HAL_TIM_Encoder_Start  stm32f1xx_hal_tim.o
    0x08001e52   0x08001e52   0x00000002   Code   RO         1937    i.HAL_TIM_IC_CaptureCallback  stm32f1xx_hal_tim.o
    0x08001e54   0x08001e54   0x00000196   Code   RO         1951    i.HAL_TIM_IRQHandler  stm32f1xx_hal_tim.o
    0x08001fea   0x08001fea   0x00000002   Code   RO         1954    i.HAL_TIM_OC_DelayElapsedCallback  stm32f1xx_hal_tim.o
    0x08001fec   0x08001fec   0x000000fc   Code   RO         1975    i.HAL_TIM_PWM_ConfigChannel  stm32f1xx_hal_tim.o
    0x080020e8   0x080020e8   0x00000066   Code   RO         1978    i.HAL_TIM_PWM_Init  stm32f1xx_hal_tim.o
    0x0800214e   0x0800214e   0x00000002   PAD
    0x08002150   0x08002150   0x00000138   Code   RO         3035    i.HAL_TIM_PWM_MspInit  motor_control.o
    0x08002288   0x08002288   0x00000002   Code   RO         1981    i.HAL_TIM_PWM_PulseFinishedCallback  stm32f1xx_hal_tim.o
    0x0800228a   0x0800228a   0x00000002   PAD
    0x0800228c   0x0800228c   0x000000f4   Code   RO         1983    i.HAL_TIM_PWM_Start  stm32f1xx_hal_tim.o
    0x08002380   0x08002380   0x000005cc   Code   RO         2948    i.HAL_TIM_PeriodElapsedCallback  encoder.o
    0x0800294c   0x0800294c   0x00000002   Code   RO         1994    i.HAL_TIM_TriggerCallback  stm32f1xx_hal_tim.o
    0x0800294e   0x0800294e   0x00000002   Code   RO         1325    i.HAL_UART_ErrorCallback  stm32f1xx_hal_uart.o
    0x08002950   0x08002950   0x00000154   Code   RO         1328    i.HAL_UART_IRQHandler  stm32f1xx_hal_uart.o
    0x08002aa4   0x08002aa4   0x00000072   Code   RO         1329    i.HAL_UART_Init     stm32f1xx_hal_uart.o
    0x08002b16   0x08002b16   0x00000002   PAD
    0x08002b18   0x08002b18   0x00000134   Code   RO          590    i.HAL_UART_MspInit  usart.o
    0x08002c4c   0x08002c4c   0x00000070   Code   RO         1334    i.HAL_UART_Receive_IT  stm32f1xx_hal_uart.o
    0x08002cbc   0x08002cbc   0x0000017c   Code   RO          591    i.HAL_UART_RxCpltCallback  usart.o
    0x08002e38   0x08002e38   0x00000002   Code   RO         1340    i.HAL_UART_TxCpltCallback  stm32f1xx_hal_uart.o
    0x08002e3a   0x08002e3a   0x00000004   Code   RO          284    i.HardFault_Handler  stm32f1xx_it.o
    0x08002e3e   0x08002e3e   0x00000004   Code   RO          285    i.MemManage_Handler  stm32f1xx_it.o
    0x08002e42   0x08002e42   0x00000002   PAD
    0x08002e44   0x08002e44   0x000000d4   Code   RO         3036    i.Motor_Control_Init  motor_control.o
    0x08002f18   0x08002f18   0x00000130   Code   RO         3037    i.Motor_PI          motor_control.o
    0x08003048   0x08003048   0x00000130   Code   RO         3038    i.Motor_PI_R        motor_control.o
    0x08003178   0x08003178   0x00000002   Code   RO          286    i.NMI_Handler       stm32f1xx_it.o
    0x0800317a   0x0800317a   0x00000002   PAD
    0x0800317c   0x0800317c   0x00000090   Code   RO         3039    i.Pos_PI_L          motor_control.o
    0x0800320c   0x0800320c   0x000000ac   Code   RO         3040    i.Pos_PI_R          motor_control.o
    0x080032b8   0x080032b8   0x00000028   Code   RO         1175    i.RCC_Delay         stm32f1xx_hal_rcc.o
    0x080032e0   0x080032e0   0x00000074   Code   RO         3140    i.SR04_Init         exti.o
    0x08003354   0x08003354   0x00000002   Code   RO          287    i.SVC_Handler       stm32f1xx_it.o
    0x08003356   0x08003356   0x00000002   Code   RO          246    i.SystemInit        system_stm32f1xx.o
    0x08003358   0x08003358   0x00000010   Code   RO         2949    i.TIM2_IRQHandler   encoder.o
    0x08003368   0x08003368   0x00000010   Code   RO         2950    i.TIM3_IRQHandler   encoder.o
    0x08003378   0x08003378   0x00000010   Code   RO         2951    i.TIM4_IRQHandler   encoder.o
    0x08003388   0x08003388   0x00000010   Code   RO         2952    i.TIM6_IRQHandler   encoder.o
    0x08003398   0x08003398   0x0000001c   Code   RO         2953    i.TIM7_IRQHandler   encoder.o
    0x080033b4   0x080033b4   0x0000009c   Code   RO         1996    i.TIM_Base_SetConfig  stm32f1xx_hal_tim.o
    0x08003450   0x08003450   0x00000022   Code   RO         1997    i.TIM_CCxChannelCmd  stm32f1xx_hal_tim.o
    0x08003472   0x08003472   0x00000002   PAD
    0x08003474   0x08003474   0x00000070   Code   RO         2009    i.TIM_OC1_SetConfig  stm32f1xx_hal_tim.o
    0x080034e4   0x080034e4   0x0000007c   Code   RO         2010    i.TIM_OC2_SetConfig  stm32f1xx_hal_tim.o
    0x08003560   0x08003560   0x00000078   Code   RO         2011    i.TIM_OC3_SetConfig  stm32f1xx_hal_tim.o
    0x080035d8   0x080035d8   0x00000054   Code   RO         2012    i.TIM_OC4_SetConfig  stm32f1xx_hal_tim.o
    0x0800362c   0x0800362c   0x0000001c   Code   RO         3093    i.UART4_IRQHandler  uart.o
    0x08003648   0x08003648   0x00000014   Code   RO         1342    i.UART_DMAAbortOnError  stm32f1xx_hal_uart.o
    0x0800365c   0x0800365c   0x00000020   Code   RO         1352    i.UART_EndRxTransfer  stm32f1xx_hal_uart.o
    0x0800367c   0x0800367c   0x00000020   Code   RO         1353    i.UART_EndTransmit_IT  stm32f1xx_hal_uart.o
    0x0800369c   0x0800369c   0x000000a0   Code   RO         1355    i.UART_Receive_IT   stm32f1xx_hal_uart.o
    0x0800373c   0x0800373c   0x000000fc   Code   RO         1356    i.UART_SetConfig    stm32f1xx_hal_uart.o
    0x08003838   0x08003838   0x00000060   Code   RO         1357    i.UART_Transmit_IT  stm32f1xx_hal_uart.o
    0x08003898   0x08003898   0x00000024   Code   RO          592    i.USART1_IRQHandler  usart.o
    0x080038bc   0x080038bc   0x00000004   Code   RO          288    i.UsageFault_Handler  stm32f1xx_it.o
    0x080038c0   0x080038c0   0x00000020   Code   RO         3444    i.__0printf         mc_w.l(printfa.o)
    0x080038e0   0x080038e0   0x00000010   Code   RO          857    i.__NVIC_GetPriorityGrouping  stm32f1xx_hal_cortex.o
    0x080038f0   0x080038f0   0x00000028   Code   RO          858    i.__NVIC_SetPriority  stm32f1xx_hal_cortex.o
    0x08003918   0x08003918   0x0000000e   Code   RO         3535    i.__scatterload_copy  mc_w.l(handlers.o)
    0x08003926   0x08003926   0x00000002   Code   RO         3536    i.__scatterload_null  mc_w.l(handlers.o)
    0x08003928   0x08003928   0x0000000e   Code   RO         3537    i.__scatterload_zeroinit  mc_w.l(handlers.o)
    0x08003936   0x08003936   0x00000002   PAD
    0x08003938   0x08003938   0x00000184   Code   RO         3451    i._fp_digits        mc_w.l(printfa.o)
    0x08003abc   0x08003abc   0x000006dc   Code   RO         3452    i._printf_core      mc_w.l(printfa.o)
    0x08004198   0x08004198   0x00000024   Code   RO         3453    i._printf_post_padding  mc_w.l(printfa.o)
    0x080041bc   0x080041bc   0x0000002e   Code   RO         3454    i._printf_pre_padding  mc_w.l(printfa.o)
    0x080041ea   0x080041ea   0x00000002   PAD
    0x080041ec   0x080041ec   0x00000028   Code   RO          474    i.delay_init        delay.o
    0x08004214   0x08004214   0x00000038   Code   RO          475    i.delay_ms          delay.o
    0x0800424c   0x0800424c   0x0000004c   Code   RO          476    i.delay_us          delay.o
    0x08004298   0x08004298   0x0000008c   Code   RO         3141    i.exti_init         exti.o
    0x08004324   0x08004324   0x0000001c   Code   RO          596    i.fputc             usart.o
    0x08004340   0x08004340   0x00000094   Code   RO           13    i.main              main.o
    0x080043d4   0x080043d4   0x00000066   Code   RO          523    i.sys_stm32_clock_init  sys.o
    0x0800443a   0x0800443a   0x00000002   PAD
    0x0800443c   0x0800443c   0x00000028   Code   RO         2954    i.tim6_init         encoder.o
    0x08004464   0x08004464   0x00000028   Code   RO         2955    i.tim7_init         encoder.o
    0x0800448c   0x0800448c   0x00000038   Code   RO         3094    i.uart4_init        uart.o
    0x080044c4   0x080044c4   0x00000038   Code   RO          597    i.usart_init        usart.o
    0x080044fc   0x080044fc   0x00000018   Data   RO          247    .constdata          system_stm32f1xx.o
    0x08004514   0x08004514   0x00000041   Data   RO         2957    .conststring        encoder.o
    0x08004555   0x08004555   0x00000003   PAD
    0x08004558   0x08004558   0x00000020   Data   RO         3533    Region$$Table       anon$$obj.o


    Execution Region RW_IRAM1 (Exec base: 0x20000000, Load base: 0x08004578, Size: 0x00000820, Max: 0x00010000, ABSOLUTE)

    Exec Addr    Load Addr    Size         Type   Attr      Idx    E Section Name        Object

    0x20000000   0x08004578   0x00000004   Data   RW          248    .data               system_stm32f1xx.o
    0x20000004   0x0800457c   0x00000002   Data   RW          477    .data               delay.o
    0x20000006   0x0800457e   0x00000002   PAD
    0x20000008   0x08004580   0x00000007   Data   RW          599    .data               usart.o
    0x2000000f   0x08004587   0x00000001   PAD
    0x20000010   0x08004588   0x00000009   Data   RW          693    .data               stm32f1xx_hal.o
    0x20000019   0x08004591   0x00000003   PAD
    0x2000001c   0x08004594   0x0000006c   Data   RW         2958    .data               encoder.o
    0x20000088   0x08004600   0x00000058   Data   RW         3042    .data               motor_control.o
    0x200000e0   0x08004658   0x00000001   Data   RW         3096    .data               uart.o
    0x200000e1   0x08004659   0x00000003   PAD
    0x200000e4   0x0800465c   0x0000000c   Data   RW         3182    .data               hr04.o
    0x200000f0        -       0x00000108   Zero   RW          598    .bss                usart.o
    0x200001f8        -       0x00000120   Zero   RW         2956    .bss                encoder.o
    0x20000318        -       0x000000c8   Zero   RW         3041    .bss                motor_control.o
    0x200003e0        -       0x00000040   Zero   RW         3095    .bss                uart.o
    0x20000420        -       0x00000400   Zero   RW            1    STACK               startup_stm32f103xe.o


==============================================================================

Image component sizes


      Code (inc. data)   RO Data    RW Data    ZI Data      Debug   Object Name

       172         16          0          2          0       1839   delay.o
      2428        436         65        108        288       8845   encoder.o
       446         88          0          0          0       2675   exti.o
       292         36          0         12          0        804   hr04.o
       148         16          0          0          0     484495   main.o
      1448        292          0         88        200       5780   motor_control.o
        36          8        304          0       1024        908   startup_stm32f103xe.o
       130         24          0          9          0       5829   stm32f1xx_hal.o
       344         22          0          0          0      29945   stm32f1xx_hal_cortex.o
       424         10          0          0          0       1215   stm32f1xx_hal_dma.o
       888         44          0          0          0       3898   stm32f1xx_hal_gpio.o
      1784        110          0          0          0       5952   stm32f1xx_hal_rcc.o
      2290        102          0          0          0      13835   stm32f1xx_hal_tim.o
         4          0          0          0          0       1497   stm32f1xx_hal_tim_ex.o
      1162         10          0          0          0       7611   stm32f1xx_hal_uart.o
        22          0          0          0          0       2923   stm32f1xx_it.o
       102          0          0          0          0        699   sys.o
         2          0         24          4          0       1307   system_stm32f1xx.o
        84         20          0          1         64       1526   uart.o
       808        140          0          7        264       5397   usart.o

    ----------------------------------------------------------------------
     13032       1374        428        240       1840     586980   Object Totals
         0          0         32          0          0          0   (incl. Generated)
        18          0          3          9          0          0   (incl. Padding)

    ----------------------------------------------------------------------

      Code (inc. data)   RO Data    RW Data    ZI Data      Debug   Library Member Name

         0          0          0          0          0          0   entry.o
         0          0          0          0          0          0   entry10a.o
         0          0          0          0          0          0   entry11a.o
         8          4          0          0          0          0   entry2.o
         4          0          0          0          0          0   entry5.o
         0          0          0          0          0          0   entry7b.o
         0          0          0          0          0          0   entry8b.o
         8          4          0          0          0          0   entry9a.o
        30          0          0          0          0          0   handlers.o
        36          8          0          0          0         68   init.o
         0          0          0          0          0          0   iusefp.o
        30          0          0          0          0         68   llshl.o
        36          0          0          0          0         68   llsshr.o
        32          0          0          0          0         68   llushr.o
        36          0          0          0          0        108   memseta.o
      2258         90          0          0          0        452   printfa.o
        44          0          0          0          0         80   uidiv.o
        98          0          0          0          0         92   uldiv.o
        48          0          0          0          0         68   cdrcmple.o
        20          0          0          0          0         68   cfcmple.o
        20          0          0          0          0         68   cfrcmple.o
        56          0          0          0          0         88   d2f.o
       334          0          0          0          0        148   dadd.o
       222          0          0          0          0        100   ddiv.o
       186          0          0          0          0        176   depilogue.o
        48          0          0          0          0         68   dfixul.o
        34          0          0          0          0         76   dflti.o
       228          0          0          0          0         96   dmul.o
        38          0          0          0          0         68   f2d.o
       176          0          0          0          0        140   fadd.o
       110          0          0          0          0        168   fepilogue.o
        50          0          0          0          0         68   ffixi.o
        18          0          0          0          0         68   fflti.o
        10          0          0          0          0         68   ffltui.o
       100          0          0          0          0         76   fmul.o

    ----------------------------------------------------------------------
      4324        106          0          0          0       2616   Library Totals
         6          0          0          0          0          0   (incl. Padding)

    ----------------------------------------------------------------------

      Code (inc. data)   RO Data    RW Data    ZI Data      Debug   Library Name

      2620        106          0          0          0       1004   mc_w.l
      1698          0          0          0          0       1612   mf_w.l

    ----------------------------------------------------------------------
      4324        106          0          0          0       2616   Library Totals

    ----------------------------------------------------------------------

==============================================================================


      Code (inc. data)   RO Data    RW Data    ZI Data      Debug   

     17356       1480        428        240       1840     583508   Grand Totals
     17356       1480        428        240       1840     583508   ELF Image Totals
     17356       1480        428        240          0          0   ROM Totals

==============================================================================

    Total RO  Size (Code + RO Data)                17784 (  17.37kB)
    Total RW  Size (RW Data + ZI Data)              2080 (   2.03kB)
    Total ROM Size (Code + RO Data + RW Data)      18024 (  17.60kB)

==============================================================================

